 ARS DLL

 Timestamp is 48aa3411 (Mon Aug 18 19:46:41 2008)

 Preferred load address is 10000000

 Start         Length     Name                   Class
 0001:00000000 00007fc6H .text                   CODE
 0001:00007fd0 00001014H .text$x                 CODE
 0002:00000000 00000268H .idata$5                DATA
 0002:00000268 00000344H .rdata                  DATA
 0002:000005b0 00000044H .rdata$r                DATA
 0002:000005f8 000013b0H .xdata$x                DATA
 0002:000019a8 00000078H .idata$2                DATA
 0002:00001a20 00000014H .idata$3                DATA
 0002:00001a34 00000268H .idata$4                DATA
 0002:00001c9c 000001b0H .idata$6                DATA
 0002:00001e50 000029aaH .edata                  DATA
 0003:00000000 00000004H .CRT$XCA                DATA
 0003:00000004 00000028H .CRT$XCU                DATA
 0003:0000002c 00000004H .CRT$XCZ                DATA
 0003:00000030 00000004H .CRT$XIA                DATA
 0003:00000034 00000004H .CRT$XIZ                DATA
 0003:00000040 00000948H .data                   DATA
 0003:00000988 00000068H .bss                    DATA
 0004:00000000 00000160H .rsrc$01                DATA
 0004:00000160 00000e10H .rsrc$02                DATA

  Address         Publics by Value              Rva+Base     Lib:Object

 0001:00000000       ?CreateObject@CAckMsg@@SGPAVCObject@@XZ 10001000 f   AckMsg.obj
 0001:00000060       ?GetRuntimeClass@CAckMsg@@UBEPAUCRuntimeClass@@XZ 10001060 f   AckMsg.obj
 0001:00000090       ??0CAckMsg@@QAE@XZ         10001090 f   AckMsg.obj
 0001:00000100       ??_ECAckMsg@@UAEPAXI@Z     10001100 f i AckMsg.obj
 0001:00000160       ??1CAckMsg@@UAE@XZ         10001160 f   AckMsg.obj
 0001:000001b0       ?Serialize@CAckMsg@@UAEXAAVCArchive@@@Z 100011b0 f   AckMsg.obj
 0001:00000280       ??4CAckMsg@@QAEAAV0@ABV0@@Z 10001280 f   AckMsg.obj
 0001:000002b0       ??0CAckMsg@@QAE@PBDII@Z    100012b0 f   AckMsg.obj
 0001:00000320       ??0CAckMsg@@QAE@ABV0@@Z    10001320 f   AckMsg.obj
 0001:00000380       ??_ECObject@@UAEPAXI@Z     10001380 f i AckMsg.obj
 0001:00000380       ??_GCObject@@UAEPAXI@Z     10001380 f i AckMsg.obj
 0001:000003a0       ?Dump@CObject@@UBEXAAVCDumpContext@@@Z 100013a0 f i AckMsg.obj
 0001:000003a0       ?Serialize@CObject@@UAEXAAVCArchive@@@Z 100013a0 f i AckMsg.obj
 0001:000003b0       ??3CObject@@SGXPAX@Z       100013b0 f i AckMsg.obj
 0001:000003c0       ??3@YAXPAX0@Z              100013c0 f i AckMsg.obj
 0001:000003c0       ?AssertValid@CObject@@UBEXXZ 100013c0 f i AckMsg.obj
 0001:000003d0       _ExtRawDllMain@12          100013d0 f   ARS DLL.obj
 0001:00000400       ??4CFileLogging@@QAEAAV0@ABV0@@Z 10001400 f i ARS DLL.obj
 0001:00000440       _DllMain@12                10001440 f   ARS DLL.obj
 0001:000004a0       ?CreateObject@CARSConnection@@SGPAVCObject@@XZ 100014a0 f   ARSConnection.obj
 0001:00000500       ?GetRuntimeClass@CARSConnection@@UBEPAUCRuntimeClass@@XZ 10001500 f   ARSConnection.obj
 0001:00000530       ??0CARSConnection@@QAE@XZ  10001530 f   ARSConnection.obj
 0001:00000580       ??_ECARSConnection@@UAEPAXI@Z 10001580 f i ARSConnection.obj
 0001:000005e0       ??1CARSConnection@@UAE@XZ  100015e0 f   ARSConnection.obj
 0001:00000630       ??0CARSConnection@@QAE@VCString@@00@Z 10001630 f   ARSConnection.obj
 0001:00000730       ?SetInfo@CARSConnection@@QAEXVCString@@00@Z 10001730 f   ARSConnection.obj
 0001:000008d0       ?Login@CARSConnection@@QAEXXZ 100018d0 f   ARSConnection.obj
 0001:000009e0       ?ResetInfo@CARSConnection@@AAEXXZ 100019e0 f   ARSConnection.obj
 0001:00000a00       ?Logout@CARSConnection@@QAEXXZ 10001a00 f   ARSConnection.obj
 0001:00000a60       ??BCARSConnection@@QAEPAUARControlStruct@@XZ 10001a60 f   ARSConnection.obj
 0001:00000a70       ?Serialize@CARSConnection@@UAEXAAVCArchive@@@Z 10001a70 f   ARSConnection.obj
 0001:00000c50       ??4CARSConnection@@QAEAAV0@AAV0@@Z 10001c50 f   ARSConnection.obj
 0001:00000c70       ?GetServer@CARSConnection@@QAE?AVCString@@XZ 10001c70 f   ARSConnection.obj
 0001:00000cf0       ??0CARSConnection@@QAE@AAV0@@Z 10001cf0 f   ARSConnection.obj
 0001:00000d10       ?IsLoggedIn@CARSConnection@@QAEHXZ 10001d10 f   ARSConnection.obj
 0001:00000d20       ?GetUser@CARSConnection@@QAE?AVCString@@XZ 10001d20 f   ARSConnection.obj
 0001:00000d90       ?GetPassword@CARSConnection@@QAE?AVCString@@XZ 10001d90 f   ARSConnection.obj
 0001:00000e00       ?_GetBaseClass@CBlockingSocketException@@KGPAUCRuntimeClass@@XZ 10001e00 f   ARSException.obj
 0001:00000e00       ?_GetBaseClass@CARSException@@KGPAUCRuntimeClass@@XZ 10001e00 f   ARSException.obj
 0001:00000e10       ?GetRuntimeClass@CARSException@@UBEPAUCRuntimeClass@@XZ 10001e10 f   ARSException.obj
 0001:00000e20       ??0CARSException@@QAE@AAUARStatusList@@@Z 10001e20 f   ARSException.obj
 0001:00000fa0       ??_ECARSException@@UAEPAXI@Z 10001fa0 f i ARSException.obj
 0001:00001000       ??1CARSException@@UAE@XZ   10002000 f   ARSException.obj
 0001:00001050       ??0CARSException@@QAE@XZ   10002050 f   ARSException.obj
 0001:000010b0       ??0CARSException@@QAE@PBD@Z 100020b0 f   ARSException.obj
 0001:00001120       ?ThrowARSException@@YAXAAUARStatusList@@PBD@Z 10002120 f   ARSException.obj
 0001:000011b0       ?ThrowARSException@@YAXPBD0@Z 100021b0 f   ARSException.obj
 0001:00001230       ?Log@@YAXPBD@Z             10002230 f   ARSException.obj
 0001:00001290       ??1CObject@@UAE@XZ         10002290 f i BackupJob.obj
 0001:00001290       ??1CWeekly@@UAE@XZ         10002290 f i BackupJob.obj
 0001:00001290       ??1CException@@UAE@XZ      10002290 f i BackupJob.obj
 0001:00001290       ??1CDaily@@UAE@XZ          10002290 f i BackupJob.obj
 0001:00001290       ??1CMonthly@@UAE@XZ        10002290 f i BackupJob.obj
 0001:000012a0       ??0CDaysOfWeek@@QAE@XZ     100022a0 f i BackupJob.obj
 0001:000012c0       ??1CDaysOfWeek@@UAE@XZ     100022c0 f i BackupJob.obj
 0001:00001320       ??_ECDaysOfWeek@@UAEPAXI@Z 10002320 f i BackupJob.obj
 0001:00001380       ??1CSchedule@@UAE@XZ       10002380 f i BackupJob.obj
 0001:000013a0       ??0CForm@@QAE@ABV0@@Z      100023a0 f i BackupJob.obj
 0001:00001430       ??4CForm@@QAEAAV0@ABV0@@Z  10002430 f i BackupJob.obj
 0001:00001480       ??_ECForm@@UAEPAXI@Z       10002480 f i BackupJob.obj
 0001:000014e0       ?CreateObject@CBackupJob@@SGPAVCObject@@XZ 100024e0 f   BackupJob.obj
 0001:00001540       ?_GetBaseClass@CBlockingSocket@@KGPAUCRuntimeClass@@XZ 10002540 f   BackupJob.obj
 0001:00001540       ?_GetBaseClass@CSchedule@@KGPAUCRuntimeClass@@XZ 10002540 f   BackupJob.obj
 0001:00001540       ?_GetBaseClass@CAckMsg@@KGPAUCRuntimeClass@@XZ 10002540 f   BackupJob.obj
 0001:00001540       ?_GetBaseClass@CDaysOfWeek@@KGPAUCRuntimeClass@@XZ 10002540 f   BackupJob.obj
 0001:00001540       ?_GetBaseClass@CARSConnection@@KGPAUCRuntimeClass@@XZ 10002540 f   BackupJob.obj
 0001:00001540       ?_GetBaseClass@CBackupJob@@KGPAUCRuntimeClass@@XZ 10002540 f   BackupJob.obj
 0001:00001540       ?_GetBaseClass@CMonthly@@KGPAUCRuntimeClass@@XZ 10002540 f   BackupJob.obj
 0001:00001540       ?_GetBaseClass@CDaily@@KGPAUCRuntimeClass@@XZ 10002540 f   BackupJob.obj
 0001:00001540       ?_GetBaseClass@CWeekly@@KGPAUCRuntimeClass@@XZ 10002540 f   BackupJob.obj
 0001:00001550       ?GetRuntimeClass@CBackupJob@@UBEPAUCRuntimeClass@@XZ 10002550 f   BackupJob.obj
 0001:00001580       ?Serialize@CBackupJob@@UAEXAAVCArchive@@@Z 10002580 f   BackupJob.obj
 0001:000017d0       ??4CBackupJob@@QAEAAV0@AAV0@@Z 100027d0 f   BackupJob.obj
 0001:00001880       ??0CBackupJob@@QAE@XZ      10002880 f   BackupJob.obj
 0001:00001940       ??_ECBackupJob@@UAEPAXI@Z  10002940 f i BackupJob.obj
 0001:000019a0       ??1CBackupJob@@UAE@XZ      100029a0 f   BackupJob.obj
 0001:00001a60       ??0CBackupJob@@QAE@AAV0@@Z 10002a60 f   BackupJob.obj
 0001:00001b20       ?GetType@CBackupJob@@QAEIXZ 10002b20 f   BackupJob.obj
 0001:00001b30       ?GetStartTime@CBackupJob@@QAE?AVCTime@@XZ 10002b30 f   BackupJob.obj
 0001:00001b50       ?GetEnabledFlag@CBackupJob@@QAEHXZ 10002b50 f   BackupJob.obj
 0001:00001b60       ?GetLastRunTime@CBackupJob@@QAE?AVCTime@@XZ 10002b60 f   BackupJob.obj
 0001:00001b70       ?SetStartTime@CBackupJob@@QAEAAVCTime@@AAV2@@Z 10002b70 f   BackupJob.obj
 0001:00001b90       ?SetLastRunTime@CBackupJob@@QAEXAAVCTime@@@Z 10002b90 f   BackupJob.obj
 0001:00001ba0       ?GetIncFlag@CBackupJob@@QAEHXZ 10002ba0 f   BackupJob.obj
 0001:00001bb0       ?Serialize@?$CArray@IPAI@@UAEXAAVCArchive@@@Z 10002bb0 f i BackupJob.obj
 0001:00001d40       ??_E?$CArray@IPAI@@UAEPAXI@Z 10002d40 f i BackupJob.obj
 0001:00001d40       ??_G?$CArray@IPAI@@UAEPAXI@Z 10002d40 f i BackupJob.obj
 0001:00001d60       ??1?$CArray@IPAI@@UAE@XZ   10002d60 f i BackupJob.obj
 0001:00001dc0       ?_GetBaseClass@CBlockingSocketFile@@KGPAUCRuntimeClass@@XZ 10002dc0 f   BlockingSocketFile.obj
 0001:00001dd0       ?GetRuntimeClass@CBlockingSocketFile@@UBEPAUCRuntimeClass@@XZ 10002dd0 f   BlockingSocketFile.obj
 0001:00001de0       ??0CBlockingSocketFile@@QAE@PAVCBlockingSocket@@@Z 10002de0 f   BlockingSocketFile.obj
 0001:00001e40       ??_ECBlockingSocketFile@@UAEPAXI@Z 10002e40 f i BlockingSocketFile.obj
 0001:00001ea0       ??1CBlockingSocketFile@@UAE@XZ 10002ea0 f   BlockingSocketFile.obj
 0001:00001eb0       ?Read@CBlockingSocketFile@@UAEIPAXI@Z 10002eb0 f   BlockingSocketFile.obj
 0001:00001f40       ?Write@CBlockingSocketFile@@UAEXPBXI@Z 10002f40 f   BlockingSocketFile.obj
 0001:00001fd0       ?Close@CBlockingSocketFile@@UAEXXZ 10002fd0 f   BlockingSocketFile.obj
 0001:00001fe0       ?Open@CBlockingSocketFile@@EAEHPBDIPAVCFileException@@@Z 10002fe0 f   BlockingSocketFile.obj
 0001:00001ff0       ?Duplicate@CBlockingSocketFile@@EBEPAVCFile@@XZ 10002ff0 f   BlockingSocketFile.obj
 0001:00001ff0       ?GetPosition@CBlockingSocketFile@@EBEKXZ 10002ff0 f   BlockingSocketFile.obj
 0001:00001ff0       ?GetLength@CBlockingSocketFile@@EBEKXZ 10002ff0 f   BlockingSocketFile.obj
 0001:00002000       ?Seek@CBlockingSocketFile@@EAEJJI@Z 10003000 f   BlockingSocketFile.obj
 0001:00002010       ?SetLength@CBlockingSocketFile@@EAEXK@Z 10003010 f   BlockingSocketFile.obj
 0001:00002020       ?LockRange@CBlockingSocketFile@@EAEXKK@Z 10003020 f   BlockingSocketFile.obj
 0001:00002020       ?UnlockRange@CBlockingSocketFile@@EAEXKK@Z 10003020 f   BlockingSocketFile.obj
 0001:00002030       ?Flush@CBlockingSocketFile@@EAEXXZ 10003030 f   BlockingSocketFile.obj
 0001:00002030       ?Abort@CBlockingSocketFile@@EAEXXZ 10003030 f   BlockingSocketFile.obj
 0001:00002040       ?RegisterLog@CBlockingSocketFile@@QAEXP6AXPBD@Z@Z 10003040 f   BlockingSocketFile.obj
 0001:00002050       ?SetFilePath@CFile@@UAEXPBD@Z 10003050 f i BlockingSocketFile.obj
 0001:00002060       ?CreateObject@CDaily@@SGPAVCObject@@XZ 10003060 f   Daily.obj
 0001:000020c0       ?GetRuntimeClass@CDaily@@UBEPAUCRuntimeClass@@XZ 100030c0 f   Daily.obj
 0001:000020f0       ?AdvanceNextRun@CDaily@@QAEXAAVCTime@@0@Z 100030f0 f   Daily.obj
 0001:000021b0       ??0CDaily@@QAE@XZ          100031b0 f   Daily.obj
 0001:000021d0       ??_ECDaily@@UAEPAXI@Z      100031d0 f i Daily.obj
 0001:000021d0       ??_ECMonthly@@UAEPAXI@Z    100031d0 f i Daily.obj
 0001:00002230       ??4CDaily@@QAEAAV0@AAV0@@Z 10003230 f   Daily.obj
 0001:00002250       ?Serialize@CDaily@@UAEXAAVCArchive@@@Z 10003250 f   Daily.obj
 0001:000022e0       ??YCTime@@QAEABV0@VCTimeSpan@@@Z 100032e0 f i Daily.obj
 0001:000022f0       ??NCTime@@QBEHV0@@Z        100032f0 f i Daily.obj
 0001:00002300       ??0CFieldValuePair@@QAE@ABV0@@Z 10003300 f i DumpARX.obj
 0001:00002330       ??_ECFieldValuePair@@UAEPAXI@Z 10003330 f i DumpARX.obj
 0001:00002390       ??0CDumpARX@@QAE@XZ        10003390 f   DumpARX.obj
 0001:000023b0       ??_ECDumpARX@@UAEPAXI@Z    100033b0 f i DumpARX.obj
 0001:00002410       ??1CDumpARX@@UAE@XZ        10003410 f   DumpARX.obj
 0001:00002420       ?DumpARXRecords@CDumpARX@@QAEHAAVCARSConnection@@AAVCFormList@@VCString@@AAV4@VCTime@@I@Z 10003420 f   DumpARX.obj
 0001:00002880       ?ReplaceFormChars@CDumpARX@@IAE?AVCString@@AAV2@@Z 10003880 f   DumpARX.obj
 0001:00002930       ?CleanupFileName@CDumpARX@@IAE?AVCString@@AAV2@@Z 10003930 f   DumpARX.obj
 0001:00002980       ?SetStop@CDumpARX@@QAEX_N@Z 10003980 f   DumpARX.obj
 0001:000029a0       ?GetReturnCode@CDumpARX@@QAEHXZ 100039a0 f   DumpARX.obj
 0001:000029b0       ?CreateDirectorySeq@CDumpARX@@IAE_NPBD@Z 100039b0 f   DumpARX.obj
 0001:00002ae0       ??0CEntryId@@QAE@XZ        10003ae0 f   EntryId.obj
 0001:00002b40       ??_ECEntryId@@UAEPAXI@Z    10003b40 f i EntryId.obj
 0001:00002ba0       ??1CEntryId@@UAE@XZ        10003ba0 f   EntryId.obj
 0001:00002bf0       ??0CField@@QAE@XZ          10003bf0 f   Field.obj
 0001:00002c60       ??_ECField@@UAEPAXI@Z      10003c60 f i Field.obj
 0001:00002cc0       ??1CField@@UAE@XZ          10003cc0 f   Field.obj
 0001:00002d20       ??4CField@@QAE?AV0@ABV0@@Z 10003d20 f   Field.obj
 0001:00002d70       ??0CField@@QAE@ABV0@@Z     10003d70 f   Field.obj
 0001:00002e00       ??BCField@@QAEPAKXZ        10003e00 f   Field.obj
 0001:00002e10       ??0CFieldList@@QAE@PBD@Z   10003e10 f   FieldList.obj
 0001:00002e90       ??_ECFieldList@@UAEPAXI@Z  10003e90 f i FieldList.obj
 0001:00002ef0       ??1CFieldList@@UAE@XZ      10003ef0 f   FieldList.obj
 0001:00002f80       ??1?$CList@KAAK@@UAE@XZ    10003f80 f i FieldList.obj
 0001:00002ff0       ?Serialize@?$CList@KAAK@@UAEXAAVCArchive@@@Z 10003ff0 f i FieldList.obj
 0001:00003100       ??_E?$CList@KAAK@@UAEPAXI@Z 10004100 f i FieldList.obj
 0001:00003100       ??_G?$CList@KAAK@@UAEPAXI@Z 10004100 f i FieldList.obj
 0001:00003120       ??0CForm@@QAE@XZ           10004120 f   Form.obj
 0001:00003190       ??1CForm@@UAE@XZ           10004190 f   Form.obj
 0001:00003200       ?FillFieldList@CFieldList@@QAEHAAVCARSConnection@@VCString@@K@Z 10004200 f   Form.obj
 0001:00003270       ?FillFieldList@CFieldList@@QAEHAAVCARSConnection@@K@Z 10004270 f   Form.obj
 0001:00003410       ??0CFieldList@@QAE@VCString@@@Z 10004410 f   Form.obj
 0001:000034a0       ?GetNextField@CFieldList@@QAE?AVCField@@AAVCARSConnection@@AAPAU__POSITION@@@Z 100044a0 f   Form.obj
 0001:00003650       ??BCFieldList@@QAEPAUARInternalIdList@@XZ 10004650 f   Form.obj
 0001:00003660       ?CreateObject@CFormList@@SGPAVCObject@@XZ 10004660 f   FormList.obj
 0001:000036c0       ?_GetBaseClass@CFormList@@KGPAUCRuntimeClass@@XZ 100046c0 f   FormList.obj
 0001:000036d0       ?GetRuntimeClass@CFormList@@UBEPAUCRuntimeClass@@XZ 100046d0 f   FormList.obj
 0001:00003700       ??0CFormList@@QAE@XZ       10004700 f   FormList.obj
 0001:00003720       ??_ECFormList@@UAEPAXI@Z   10004720 f i FormList.obj
 0001:00003780       ??1CFormList@@UAE@XZ       10004780 f   FormList.obj
 0001:00003790       ?Item@CFormList@@QAE?AVCForm@@AAVCARSConnection@@H@Z 10004790 f   FormList.obj
 0001:000039f0       ?GetForms@CFormList@@QAEXAAVCARSConnection@@I@Z 100049f0 f   FormList.obj
 0001:00003ae0       ??4CFormList@@QAEAAV0@AAV0@@Z 10004ae0 f   FormList.obj
 0001:00003b00       ?Enable@CFileLogging@@QAEXPAVCStdioFile@@H@Z 10004b00 f   Globals.obj
 0001:00003b50       ?Disable@CFileLogging@@QAEXXZ 10004b50 f   Globals.obj
 0001:00003b60       ?ChangeLevel@CFileLogging@@QAEXH@Z 10004b60 f   Globals.obj
 0001:00003b80       ?Log@CFileLogging@@QAAXHPBDZZ 10004b80 f   Globals.obj
 0001:00003c90       ??0CFileLogging@@QAE@XZ    10004c90 f   Globals.obj
 0001:00003ca0       ?CreateObject@CMonthly@@SGPAVCObject@@XZ 10004ca0 f   Monthly.obj
 0001:00003d00       ?GetRuntimeClass@CMonthly@@UBEPAUCRuntimeClass@@XZ 10004d00 f   Monthly.obj
 0001:00003d30       ??0CMonthly@@QAE@XZ        10004d30 f   Monthly.obj
 0001:00003d50       ?AdvanceNextRun@CMonthly@@QAEXAAVCTime@@0@Z 10004d50 f   Monthly.obj
 0001:00003fb0       ??4CMonthly@@QAEAAV0@AAV0@@Z 10004fb0 f   Monthly.obj
 0001:00003fd0       ?Serialize@CMonthly@@UAEXAAVCArchive@@@Z 10004fd0 f   Monthly.obj
 0001:00004060       ??0CRecord@@QAE@XZ         10005060 f   Record.obj
 0001:000040c0       ??_ECRecord@@UAEPAXI@Z     100050c0 f i Record.obj
 0001:00004120       ??1CRecord@@UAE@XZ         10005120 f   Record.obj
 0001:000041c0       ??0CFieldValuePair@@QAE@XZ 100051c0 f   Record.obj
 0001:00004220       ??1CFieldValuePair@@UAE@XZ 10005220 f   Record.obj
 0001:00004230       ??0CFieldValuePair@@QAE@VCString@@IK@Z 10005230 f   Record.obj
 0001:000042b0       ??4CFieldValuePair@@QAE?AV0@AAV0@@Z 100052b0 f   Record.obj
 0001:00004310       ??0CRecord@@QAE@ABV0@@Z    10005310 f   Record.obj
 0001:000044b0       ??4CEntryId@@QAE?AV0@ABV0@@Z 100054b0 f   Record.obj
 0001:00004550       ??0CEntryId@@QAE@ABV0@@Z   10005550 f   Record.obj
 0001:000045f0       ??YCEntryId@@QAE?AV0@ABVCString@@@Z 100055f0 f   Record.obj
 0001:00004620       ??4CRecord@@QAE?AV0@AAV0@@Z 10005620 f   Record.obj
 0001:000047d0       ??4CRecord@@QAE?AV0@AAUARFieldValueList@@@Z 100057d0 f   Record.obj
 0001:00004ab0       ?StoreAttachment@CFieldValuePair@@QAE?AVCString@@PAUARAttachStruct@@@Z 10005ab0 f   Record.obj
 0001:00004b70       ?StoreCurrency@CFieldValuePair@@QAE?AVCString@@IPAUARCurrencyStruct@@@Z 10005b70 f   Record.obj
 0001:00004cc0       ?DumpARX@CRecord@@QAEHAAVCARSConnection@@VCString@@AAVCStdioFile@@AAV3@PAI3@Z 10005cc0 f   Record.obj
 0001:00004db0       ?DumpARX@CFieldValuePair@@QAEHAAVCARSConnection@@VCString@@AAVCStdioFile@@AAV3@PAIAAVCEntryId@@3@Z 10005db0 f   Record.obj
 0001:000051e0       ?DumpAttachment@CFieldValuePair@@QAEHAAVCARSConnection@@VCString@@VCEntryId@@K1@Z 100061e0 f   Record.obj
 0001:000054b0       ?FillEntryId@CFieldValuePair@@IAEHAAVCEntryId@@PAUAREntryIdList@@@Z 100064b0 f   Record.obj
 0001:00005550       ?FillARLocStruct@CFieldValuePair@@IAEHAAVCString@@AAUARLocStruct@@@Z 10006550 f   Record.obj
 0001:000055b0       ?GetNext@?$CList@VCFieldValuePair@@AAV1@@@QBE?AVCFieldValuePair@@AAPAU__POSITION@@@Z 100065b0 f i Record.obj
 0001:000055f0       ??1?$CList@VCFieldValuePair@@AAV1@@@UAE@XZ 100065f0 f i Record.obj
 0001:00005680       ?Serialize@?$CList@VCFieldValuePair@@AAV1@@@UAEXAAVCArchive@@@Z 10006680 f i Record.obj
 0001:00005840       ??_G?$CList@VCFieldValuePair@@AAV1@@@UAEPAXI@Z 10006840 f i Record.obj
 0001:00005840       ??_E?$CList@VCFieldValuePair@@AAV1@@@UAEPAXI@Z 10006840 f i Record.obj
 0001:00005860       ?GetNext@CStringList@@QBE?AVCString@@AAPAU__POSITION@@@Z 10006860 f i Record.obj
 0001:00005890       ??0CRecordList@@QAE@XZ     10006890 f   RecordList.obj
 0001:00005900       ??_ECRecordList@@UAEPAXI@Z 10006900 f i RecordList.obj
 0001:00005960       ??1CRecordList@@UAE@XZ     10006960 f   RecordList.obj
 0001:00005a10       ?FillRecordList@CRecordList@@QAE_NAAVCARSConnection@@VCString@@1I@Z 10006a10 f   RecordList.obj
 0001:00005f40       ?GetRecord@CRecordList@@QAE?AVCRecord@@AAVCARSConnection@@PAU__POSITION@@AAVCFieldList@@@Z 10006f40 f   RecordList.obj
 0001:00006160       ?FillEntryId@CRecordList@@IAE?AVCEntryId@@PAUAREntryIdList@@PAU__POSITION@@@Z 10007160 f   RecordList.obj
 0001:000062d0       ?DumpARX@CRecordList@@QAE_NAAVCARSConnection@@AAVCStdioFile@@AAVCString@@VCTime@@@Z 100072d0 f   RecordList.obj
 0001:00006580       ?DumpARXHeader@CRecordList@@IAEHAAVCARSConnection@@AAVCStdioFile@@AAVCFieldList@@@Z 10007580 f   RecordList.obj
 0001:000068a0       ?SetStop@CRecordList@@QAEX_N@Z 100078a0 f   RecordList.obj
 0001:000068d0       ??1?$CList@VCEntryId@@AAV1@@@UAE@XZ 100078d0 f i RecordList.obj
 0001:00006960       ?Serialize@?$CList@VCEntryId@@AAV1@@@UAEXAAVCArchive@@@Z 10007960 f i RecordList.obj
 0001:00006b20       ??_G?$CList@VCEntryId@@AAV1@@@UAEPAXI@Z 10007b20 f i RecordList.obj
 0001:00006b20       ??_E?$CList@VCEntryId@@AAV1@@@UAEPAXI@Z 10007b20 f i RecordList.obj
 0001:00006b40       ?CreateObject@CSchedule@@SGPAVCObject@@XZ 10007b40 f   Schedule.obj
 0001:00006ba0       ?GetRuntimeClass@CSchedule@@UBEPAUCRuntimeClass@@XZ 10007ba0 f   Schedule.obj
 0001:00006bd0       ??0CSchedule@@QAE@AAV0@@Z  10007bd0 f   Schedule.obj
 0001:00006c50       ??_ECSchedule@@UAEPAXI@Z   10007c50 f i Schedule.obj
 0001:00006cb0       ??0CSchedule@@QAE@XZ       10007cb0 f   Schedule.obj
 0001:00006d30       ?GetNextRunTime@CSchedule@@QAE?AVCTime@@XZ 10007d30 f   Schedule.obj
 0001:00006d80       ??4CSchedule@@QAEAAV0@AAV0@@Z 10007d80 f   Schedule.obj
 0001:00006de0       ?Serialize@CSchedule@@UAEXAAVCArchive@@@Z 10007de0 f   Schedule.obj
 0001:00006ed0       ?GetType@CSchedule@@QAEIXZ 10007ed0 f   Schedule.obj
 0001:00006ee0       ?GetStartTime@CSchedule@@QAE?AVCTime@@XZ 10007ee0 f   Schedule.obj
 0001:00006ef0       ?SetStartTime@CSchedule@@QAEAAVCTime@@AAV2@@Z 10007ef0 f   Schedule.obj
 0001:00006f10       ?AdvanceNextRun@CSchedule@@QAE?AVCTime@@H@Z 10007f10 f   Schedule.obj
 0001:00006f60       ?SetType@CSchedule@@QAEXI@Z 10007f60 f   Schedule.obj
 0001:00006f70       ?GetCurrentRunTime@CSchedule@@QAE?AVCTime@@XZ 10007f70 f   Schedule.obj
 0001:00006fc0       ?SetNextRunTime@CSchedule@@QAEXAAVCTime@@@Z 10007fc0 f   Schedule.obj
 0001:00006fe0       ?SetWeeklyDays@CSchedule@@QAEXHH@Z 10007fe0 f   Schedule.obj
 0001:00007000       ?SetWeeklyHour@CSchedule@@QAEXHH@Z 10008000 f   Schedule.obj
 0001:00007020       ?SetOnceTime@CSchedule@@QAEXVCTime@@@Z 10008020 f   Schedule.obj
 0001:00007030       ?GetWeeklyHour@CSchedule@@QAEHH@Z 10008030 f   Schedule.obj
 0001:00007040       ?GetWeeklyDay@CSchedule@@QAEHH@Z 10008040 f   Schedule.obj
 0001:00007050       ?CreateObject@CWeekly@@SGPAVCObject@@XZ 10008050 f   Weekly.obj
 0001:000070b0       ?GetRuntimeClass@CWeekly@@UBEPAUCRuntimeClass@@XZ 100080b0 f   Weekly.obj
 0001:000070e0       ?CreateObject@CDaysOfWeek@@SGPAVCObject@@XZ 100080e0 f   Weekly.obj
 0001:00007110       ?GetRuntimeClass@CDaysOfWeek@@UBEPAUCRuntimeClass@@XZ 10008110 f   Weekly.obj
 0001:00007140       ??0CWeekly@@QAE@XZ         10008140 f   Weekly.obj
 0001:00007170       ??_ECWeekly@@UAEPAXI@Z     10008170 f i Weekly.obj
 0001:000071d0       ??4CWeekly@@QAEAAV0@AAV0@@Z 100081d0 f   Weekly.obj
 0001:00007210       ?AdvanceNextRun@CWeekly@@QAE?AVCTime@@AAV2@H@Z 10008210 f   Weekly.obj
 0001:000073c0       ?Serialize@CWeekly@@UAEXAAVCArchive@@@Z 100083c0 f   Weekly.obj
 0001:000074e0       ?GetNextRunTime@CWeekly@@QAE?AVCTime@@AAV2@@Z 100084e0 f   Weekly.obj
 0001:00007500       ?GetOnceTime@CSchedule@@QAE?AVCTime@@XZ 10008500 f   Weekly.obj
 0001:00007500       ?GetCurrentRunTime@CWeekly@@QAE?AVCTime@@XZ 10008500 f   Weekly.obj
 0001:00007510       ?SetNextRunTime@CWeekly@@QAEXAAVCTime@@@Z 10008510 f   Weekly.obj
 0001:00007520       ?SetDays@CWeekly@@QAEXHH@Z 10008520 f   Weekly.obj
 0001:00007540       ?SetHour@CWeekly@@QAEXHH@Z 10008540 f   Weekly.obj
 0001:00007560       ?GetHour@CWeekly@@QAEHH@Z  10008560 f   Weekly.obj
 0001:00007580       ?GetDay@CWeekly@@QAEHH@Z   10008580 f   Weekly.obj
 0001:000075a0       ??HCTime@@QBE?AV0@VCTimeSpan@@@Z 100085a0 f i Weekly.obj
 0001:000075c0       _ARVerifyUser              100085c0 f   arapi51:arapi51.dll
 0001:000075c6       _FreeARStatusList          100085c6 f   arapi51:arapi51.dll
 0001:000075cc       _ARInitialization          100085cc f   arapi51:arapi51.dll
 0001:000075d2       _ARTermination             100085d2 f   arapi51:arapi51.dll
 0001:000075d8       _FreeARInternalIdList      100085d8 f   arapi51:arapi51.dll
 0001:000075de       _ARGetListField            100085de f   arapi51:arapi51.dll
 0001:000075e4       _ARGetField                100085e4 f   arapi51:arapi51.dll
 0001:000075ea       _FreeARCompoundSchema      100085ea f   arapi51:arapi51.dll
 0001:000075f0       _ARGetSchema               100085f0 f   arapi51:arapi51.dll
 0001:000075f6       _FreeARNameList            100085f6 f   arapi51:arapi51.dll
 0001:000075fc       _ARGetListSchema           100085fc f   arapi51:arapi51.dll
 0001:00007602       _FreeARLocStruct           10008602 f   arapi51:arapi51.dll
 0001:00007608       _FreeAREntryIdList         10008608 f   arapi51:arapi51.dll
 0001:0000760e       _ARGetEntryBLOB            1000860e f   arapi51:arapi51.dll
 0001:00007614       _FreeAREntryListFieldValueList 10008614 f   arapi51:arapi51.dll
 0001:0000761a       _ARGetListEntryWithFields  1000861a f   arapi51:arapi51.dll
 0001:00007620       _FreeARQualifierStruct     10008620 f   arapi51:arapi51.dll
 0001:00007626       _ARLoadARQualifierStruct   10008626 f   arapi51:arapi51.dll
 0001:0000762c       _FreeARFieldValueList      1000862c f   arapi51:arapi51.dll
 0001:00007632       _ARGetEntry                10008632 f   arapi51:arapi51.dll
 0001:00007640       ?GetRuntimeClass@CBlockingSocketException@@UBEPAUCRuntimeClass@@XZ 10008640 f   BlockingSocket_R:Blocksock.obj
 0001:00007650       ??0CBlockingSocketException@@QAE@PBD@Z 10008650 f   BlockingSocket_R:Blocksock.obj
 0001:000076c0       ??_ECBlockingSocketException@@UAEPAXI@Z 100086c0 f i BlockingSocket_R:Blocksock.obj
 0001:000076c0       ??_GCBlockingSocketException@@UAEPAXI@Z 100086c0 f i BlockingSocket_R:Blocksock.obj
 0001:000076e0       ??1CBlockingSocketException@@UAE@XZ 100086e0 f i BlockingSocket_R:Blocksock.obj
 0001:00007730       ?GetErrorMessage@CBlockingSocketException@@UAEHPADIPAI@Z 10008730 f   BlockingSocket_R:Blocksock.obj
 0001:000077a0       ?Close@CBlockingSocket@@QAEXXZ 100087a0 f   BlockingSocket_R:Blocksock.obj
 0001:00007830       ?Write@CBlockingSocket@@QAEHPBDHH@Z 10008830 f   BlockingSocket_R:Blocksock.obj
 0001:00007870       ?Send@CBlockingSocket@@QAEHPBDHH@Z 10008870 f   BlockingSocket_R:Blocksock.obj
 0001:000079a0       ?Receive@CBlockingSocket@@QAEHPADHH@Z 100089a0 f   BlockingSocket_R:Blocksock.obj
 0001:00007ad0       ?_GetBaseClass@CHttpBlockingSocket@@KGPAUCRuntimeClass@@XZ 10008ad0 f   BlockingSocket_R:Blocksock.obj
 0001:00007ae0       _WSAGetLastError@0         10008ae0 f   Ws2_32:WS2_32.dll
 0001:00007ae6       _closesocket@4             10008ae6 f   Ws2_32:WS2_32.dll
 0001:00007aec       _send@16                   10008aec f   Ws2_32:WS2_32.dll
 0001:00007af2       _select@20                 10008af2 f   Ws2_32:WS2_32.dll
 0001:00007af8       _recv@16                   10008af8 f   Ws2_32:WS2_32.dll
 0001:00007afe       ??2@YAPAXI@Z               10008afe f   mfc42:MFC42.DLL
 0001:00007b04       ?AfxClassInit@@YGXPAUCRuntimeClass@@@Z 10008b04 f   mfc42:MFC42.DLL
 0001:00007b0a       ?GetRuntimeClass@CObject@@UBEPAUCRuntimeClass@@XZ 10008b0a f   mfc42:MFC42.DLL
 0001:00007b10       ??1CString@@QAE@XZ         10008b10 f   mfc42:MFC42.DLL
 0001:00007b16       ??4CString@@QAEABV0@PBD@Z  10008b16 f   mfc42:MFC42.DLL
 0001:00007b1c       ??0CString@@QAE@XZ         10008b1c f   mfc42:MFC42.DLL
 0001:00007b22       ??3@YAXPAX@Z               10008b22 f   mfc42:MFC42.DLL
 0001:00007b28       ?FillBuffer@CArchive@@QAEXI@Z 10008b28 f   mfc42:MFC42.DLL
 0001:00007b2e       ??5@YGAAVCArchive@@AAV0@AAVCString@@@Z 10008b2e f   mfc42:MFC42.DLL
 0001:00007b34       ?Flush@CArchive@@QAEXXZ    10008b34 f   mfc42:MFC42.DLL
 0001:00007b3a       ??6@YGAAVCArchive@@AAV0@ABVCString@@@Z 10008b3a f   mfc42:MFC42.DLL
 0001:00007b40       ??4CString@@QAEABV0@ABV0@@Z 10008b40 f   mfc42:MFC42.DLL
 0001:00007b46       ?AfxGetModuleState@@YGPAVAFX_MODULE_STATE@@XZ 10008b46 f   mfc42:MFC42.DLL
 0001:00007b4c       ?AfxTermExtensionModule@@YGXAAUAFX_EXTENSION_MODULE@@H@Z 10008b4c f   mfc42:MFC42.DLL
 0001:00007b52       ??0CDynLinkLibrary@@QAE@AAUAFX_EXTENSION_MODULE@@H@Z 10008b52 f   mfc42:MFC42.DLL
 0001:00007b58       ?AfxInitExtensionModule@@YGHAAUAFX_EXTENSION_MODULE@@PAUHINSTANCE__@@@Z 10008b58 f   mfc42:MFC42.DLL
 0001:00007b5e       ??0CString@@QAE@ABV0@@Z    10008b5e f   mfc42:MFC42.DLL
 0001:00007b64       ?Left@CString@@QBE?AV1@H@Z 10008b64 f   mfc42:MFC42.DLL
 0001:00007b6a       ??0CString@@QAE@PBD@Z      10008b6a f   mfc42:MFC42.DLL
 0001:00007b70       ?ReportError@CException@@UAEHII@Z 10008b70 f   mfc42:MFC42.DLL
 0001:00007b76       ?GetErrorMessage@CException@@UAEHPADIPAI@Z 10008b76 f   mfc42:MFC42.DLL
 0001:00007b7c       ??YCString@@QAEABV0@PBD@Z  10008b7c f   mfc42:MFC42.DLL
 0001:00007b82       ?Empty@CString@@QAEXXZ     10008b82 f   mfc42:MFC42.DLL
 0001:00007b88       ??0CException@@QAE@XZ      10008b88 f   mfc42:MFC42.DLL
 0001:00007b8e       ?IsSerializable@CObject@@QBEHXZ 10008b8e f   mfc42:MFC42.DLL
 0001:00007b94       ??5@YGAAVCArchive@@AAV0@AAVCTime@@@Z 10008b94 f   mfc42:MFC42.DLL
 0001:00007b9a       ??6@YGAAVCArchive@@AAV0@VCTime@@@Z 10008b9a f   mfc42:MFC42.DLL
 0001:00007ba0       ?Delete@CWinThread@@UAEXXZ 10008ba0 f   mfc42:MFC42.DLL
 0001:00007ba6       ?GetMainWnd@CWinThread@@UAEPAVCWnd@@XZ 10008ba6 f   mfc42:MFC42.DLL
 0001:00007bac       ?ProcessMessageFilter@CWinThread@@UAEHHPAUtagMSG@@@Z 10008bac f   mfc42:MFC42.DLL
 0001:00007bb2       ?ProcessWndProcException@CWinThread@@UAEJPAVCException@@PBUtagMSG@@@Z 10008bb2 f   mfc42:MFC42.DLL
 0001:00007bb8       ?ExitInstance@CWinThread@@UAEHXZ 10008bb8 f   mfc42:MFC42.DLL
 0001:00007bbe       ?IsIdleMessage@CWinThread@@UAEHPAUtagMSG@@@Z 10008bbe f   mfc42:MFC42.DLL
 0001:00007bc4       ?OnIdle@CWinThread@@UAEHJ@Z 10008bc4 f   mfc42:MFC42.DLL
 0001:00007bca       ?PumpMessage@CWinThread@@UAEHXZ 10008bca f   mfc42:MFC42.DLL
 0001:00007bd0       ?PreTranslateMessage@CWinThread@@UAEHPAUtagMSG@@@Z 10008bd0 f   mfc42:MFC42.DLL
 0001:00007bd6       ?Run@CWinThread@@UAEHXZ    10008bd6 f   mfc42:MFC42.DLL
 0001:00007bdc       ?InitInstance@CWinThread@@UAEHXZ 10008bdc f   mfc42:MFC42.DLL
 0001:00007be2       ?GetConnectionHook@CCmdTarget@@MAEPAUIConnectionPoint@@ABU_GUID@@@Z 10008be2 f   mfc42:MFC42.DLL
 0001:00007be8       ?GetExtraConnectionPoints@CCmdTarget@@MAEHPAVCPtrArray@@@Z 10008be8 f   mfc42:MFC42.DLL
 0001:00007bee       ?GetInterfaceHook@CCmdTarget@@UAEPAUIUnknown@@PBX@Z 10008bee f   mfc42:MFC42.DLL
 0001:00007bf4       ?OnCreateAggregates@CCmdTarget@@UAEHXZ 10008bf4 f   mfc42:MFC42.DLL
 0001:00007bfa       ?GetEventSinkMap@CCmdTarget@@MBEPBUAFX_EVENTSINKMAP@@XZ 10008bfa f   mfc42:MFC42.DLL
 0001:00007c00       ?GetInterfaceMap@CCmdTarget@@MBEPBUAFX_INTERFACEMAP@@XZ 10008c00 f   mfc42:MFC42.DLL
 0001:00007c06       ?GetConnectionMap@CCmdTarget@@MBEPBUAFX_CONNECTIONMAP@@XZ 10008c06 f   mfc42:MFC42.DLL
 0001:00007c0c       ?GetDispatchMap@CCmdTarget@@MBEPBUAFX_DISPMAP@@XZ 10008c0c f   mfc42:MFC42.DLL
 0001:00007c12       ?GetCommandMap@CCmdTarget@@MBEPBUAFX_OLECMDMAP@@XZ 10008c12 f   mfc42:MFC42.DLL
 0001:00007c18       ?GetMessageMap@CCmdTarget@@MBEPBUAFX_MSGMAP@@XZ 10008c18 f   mfc42:MFC42.DLL
 0001:00007c1e       ?GetTypeLib@CCmdTarget@@UAEJKPAPAUITypeLib@@@Z 10008c1e f   mfc42:MFC42.DLL
 0001:00007c24       ?GetTypeLibCache@CCmdTarget@@UAEPAVCTypeLibCache@@XZ 10008c24 f   mfc42:MFC42.DLL
 0001:00007c2a       ?GetTypeInfoCount@CCmdTarget@@UAEIXZ 10008c2a f   mfc42:MFC42.DLL
 0001:00007c30       ?GetDispatchIID@CCmdTarget@@UAEHPAU_GUID@@@Z 10008c30 f   mfc42:MFC42.DLL
 0001:00007c36       ?IsInvokeAllowed@CCmdTarget@@UAEHJ@Z 10008c36 f   mfc42:MFC42.DLL
 0001:00007c3c       ?OnFinalRelease@CCmdTarget@@UAEXXZ 10008c3c f   mfc42:MFC42.DLL
 0001:00007c42       ?OnCmdMsg@CCmdTarget@@UAEHIHPAXPAUAFX_CMDHANDLERINFO@@@Z 10008c42 f   mfc42:MFC42.DLL
 0001:00007c48       ??1CWinThread@@UAE@XZ      10008c48 f   mfc42:MFC42.DLL
 0001:00007c4e       ??0CWinThread@@QAE@XZ      10008c4e f   mfc42:MFC42.DLL
 0001:00007c54       ?Read@CArchive@@QAEIPAXI@Z 10008c54 f   mfc42:MFC42.DLL
 0001:00007c5a       ?Write@CArchive@@QAEXPBXI@Z 10008c5a f   mfc42:MFC42.DLL
 0001:00007c60       ?ReadCount@CArchive@@QAEKXZ 10008c60 f   mfc42:MFC42.DLL
 0001:00007c66       ?WriteCount@CArchive@@QAEXK@Z 10008c66 f   mfc42:MFC42.DLL
 0001:00007c6c       ?GetBufferPtr@CFile@@UAEIIIPAPAX0@Z 10008c6c f   mfc42:MFC42.DLL
 0001:00007c72       ?GetFilePath@CFile@@UBE?AVCString@@XZ 10008c72 f   mfc42:MFC42.DLL
 0001:00007c78       ?GetFileTitle@CFile@@UBE?AVCString@@XZ 10008c78 f   mfc42:MFC42.DLL
 0001:00007c7e       ?GetFileName@CFile@@UBE?AVCString@@XZ 10008c7e f   mfc42:MFC42.DLL
 0001:00007c84       ??1CFile@@UAE@XZ           10008c84 f   mfc42:MFC42.DLL
 0001:00007c8a       ?AfxThrowUserException@@YGXXZ 10008c8a f   mfc42:MFC42.DLL
 0001:00007c90       ??0CFile@@QAE@XZ           10008c90 f   mfc42:MFC42.DLL
 0001:00007c96       ?Format@CString@@QAAXPBDZZ 10008c96 f   mfc42:MFC42.DLL
 0001:00007c9c       ??0CTime@@QAE@HHHHHHH@Z    10008c9c f   mfc42:MFC42.DLL
 0001:00007ca2       ?GetLocalTm@CTime@@QBEPAUtm@@PAU2@@Z 10008ca2 f   mfc42:MFC42.DLL
 0001:00007ca8       ??1CStdioFile@@UAE@XZ      10008ca8 f   mfc42:MFC42.DLL
 0001:00007cae       ?Close@CStdioFile@@UAEXXZ  10008cae f   mfc42:MFC42.DLL
 0001:00007cb4       ?Open@CStdioFile@@UAEHPBDIPAVCFileException@@@Z 10008cb4 f   mfc42:MFC42.DLL
 0001:00007cba       ??0CStdioFile@@QAE@XZ      10008cba f   mfc42:MFC42.DLL
 0001:00007cc0       ?Insert@CString@@QAEHHPBD@Z 10008cc0 f   mfc42:MFC42.DLL
 0001:00007cc6       ??YCString@@QAEABV0@ABV0@@Z 10008cc6 f   mfc42:MFC42.DLL
 0001:00007ccc       ??H@YG?AVCString@@ABV0@PBD@Z 10008ccc f   mfc42:MFC42.DLL
 0001:00007cd2       ??H@YG?AVCString@@PBDABV0@@Z 10008cd2 f   mfc42:MFC42.DLL
 0001:00007cd8       ?SetAt@CString@@QAEXHD@Z   10008cd8 f   mfc42:MFC42.DLL
 0001:00007cde       ?Replace@CString@@QAEHPBD0@Z 10008cde f   mfc42:MFC42.DLL
 0001:00007ce4       ?Serialize@CStringList@@UAEXAAVCArchive@@@Z 10008ce4 f   mfc42:MFC42.DLL
 0001:00007cea       ?GetRuntimeClass@CStringList@@UBEPAUCRuntimeClass@@XZ 10008cea f   mfc42:MFC42.DLL
 0001:00007cf0       ??1CStringList@@UAE@XZ     10008cf0 f   mfc42:MFC42.DLL
 0001:00007cf6       ??0CStringList@@QAE@H@Z    10008cf6 f   mfc42:MFC42.DLL
 0001:00007cfc       ?FreeDataChain@CPlex@@QAEXXZ 10008cfc f   mfc42:MFC42.DLL
 0001:00007d02       ?Create@CPlex@@SGPAU1@AAPAU1@II@Z 10008d02 f   mfc42:MFC42.DLL
 0001:00007d08       ?FindIndex@CStringList@@QBEPAU__POSITION@@H@Z 10008d08 f   mfc42:MFC42.DLL
 0001:00007d0e       ?AddTail@CStringList@@QAEPAU__POSITION@@ABVCString@@@Z 10008d0e f   mfc42:MFC42.DLL
 0001:00007d14       ?AddTail@CStringList@@QAEXPAV1@@Z 10008d14 f   mfc42:MFC42.DLL
 0001:00007d1a       ?RemoveAll@CStringList@@QAEXXZ 10008d1a f   mfc42:MFC42.DLL
 0001:00007d20       ?GetStatus@CFile@@QBEHAAUCFileStatus@@@Z 10008d20 f   mfc42:MFC42.DLL
 0001:00007d26       ?Format@CTime@@QBE?AVCString@@PBD@Z 10008d26 f   mfc42:MFC42.DLL
 0001:00007d2c       ?GetTickCount@CTime@@SG?AV1@XZ 10008d2c f   mfc42:MFC42.DLL
 0001:00007d32       ??YCString@@QAEABV0@D@Z    10008d32 f   mfc42:MFC42.DLL
 0001:00007d38       ?MakeReverse@CString@@QAEXXZ 10008d38 f   mfc42:MFC42.DLL
 0001:00007d3e       ??H@YG?AVCString@@ABV0@0@Z 10008d3e f   mfc42:MFC42.DLL
 0001:00007d44       ?AfxThrowMemoryException@@YGXXZ 10008d44 f   mfc42:MFC42.DLL
 0001:00007d4a       ___CxxFrameHandler         10008d4a f   msvcrt:MSVCRT.dll
 0001:00007d50       ??_M@YGXPAXIHP6EX0@Z@Z     10008d50 f   msvcrt:ehvecdtr.obj
 0001:00007dd0       ?__ArrayUnwind@@YGXPAXIHP6EX0@Z@Z 10008dd0 f   msvcrt:ehvecdtr.obj
 0001:00007e44       ??_Etype_info@@UAEPAXI@Z   10008e44 f i msvcrt:ti_inst.obj
 0001:00007e44       ??_Gtype_info@@UAEPAXI@Z   10008e44 f i msvcrt:ti_inst.obj
 0001:00007e60       __CxxThrowException@8      10008e60 f   msvcrt:MSVCRT.dll
 0001:00007e66       __CRT_INIT@12              10008e66 f   msvcrt:crtdll.obj
 0001:00007f11       __DllMainCRTStartup@12     10008f11 f   msvcrt:crtdll.obj
 0001:00007fae       __except_handler3          10008fae f   msvcrt:MSVCRT.dll
 0001:00007fb4       ?terminate@@YAXXZ          10008fb4 f   msvcrt:MSVCRT.dll
 0001:00007fba       ??1type_info@@UAE@XZ       10008fba f   msvcrt:MSVCRT.dll
 0001:00007fc0       __initterm                 10008fc0 f   msvcrt:MSVCRT.dll
 0002:00000000       __imp__LeaveCriticalSection@4 1000a000     kernel32:KERNEL32.dll
 0002:00000004       __imp__GetLastError@0      1000a004     kernel32:KERNEL32.dll
 0002:00000008       __imp__CreateDirectoryA@8  1000a008     kernel32:KERNEL32.dll
 0002:0000000c       __imp__EnterCriticalSection@4 1000a00c     kernel32:KERNEL32.dll
 0002:00000010       __imp__FormatMessageA@28   1000a010     kernel32:KERNEL32.dll
 0002:00000014       __imp__DeleteCriticalSection@4 1000a014     kernel32:KERNEL32.dll
 0002:00000018       __imp__InitializeCriticalSection@4 1000a018     kernel32:KERNEL32.dll
 0002:0000001c       \177KERNEL32_NULL_THUNK_DATA 1000a01c     kernel32:KERNEL32.dll
 0002:00000020       __imp_?AddTail@CStringList@@QAEPAU__POSITION@@ABVCString@@@Z 1000a020     mfc42:MFC42.DLL
 0002:00000024       __imp_?GetConnectionMap@CCmdTarget@@MBEPBUAFX_CONNECTIONMAP@@XZ 1000a024     mfc42:MFC42.DLL
 0002:00000028       __imp_?FindIndex@CStringList@@QBEPAU__POSITION@@H@Z 1000a028     mfc42:MFC42.DLL
 0002:0000002c       __imp_?classCStringList@CStringList@@2UCRuntimeClass@@A 1000a02c     mfc42:MFC42.DLL
 0002:00000030       __imp_?Create@CPlex@@SGPAU1@AAPAU1@II@Z 1000a030     mfc42:MFC42.DLL
 0002:00000034       __imp_?FreeDataChain@CPlex@@QAEXXZ 1000a034     mfc42:MFC42.DLL
 0002:00000038       __imp_??0CStringList@@QAE@H@Z 1000a038     mfc42:MFC42.DLL
 0002:0000003c       __imp_??1CStringList@@UAE@XZ 1000a03c     mfc42:MFC42.DLL
 0002:00000040       __imp_?GetRuntimeClass@CStringList@@UBEPAUCRuntimeClass@@XZ 1000a040     mfc42:MFC42.DLL
 0002:00000044       __imp_?Serialize@CStringList@@UAEXAAVCArchive@@@Z 1000a044     mfc42:MFC42.DLL
 0002:00000048       __imp_?Replace@CString@@QAEHPBD0@Z 1000a048     mfc42:MFC42.DLL
 0002:0000004c       __imp_?SetAt@CString@@QAEXHD@Z 1000a04c     mfc42:MFC42.DLL
 0002:00000050       __imp_??H@YG?AVCString@@PBDABV0@@Z 1000a050     mfc42:MFC42.DLL
 0002:00000054       __imp_??H@YG?AVCString@@ABV0@PBD@Z 1000a054     mfc42:MFC42.DLL
 0002:00000058       __imp_??YCString@@QAEABV0@ABV0@@Z 1000a058     mfc42:MFC42.DLL
 0002:0000005c       __imp_?Insert@CString@@QAEHHPBD@Z 1000a05c     mfc42:MFC42.DLL
 0002:00000060       __imp_??0CStdioFile@@QAE@XZ 1000a060     mfc42:MFC42.DLL
 0002:00000064       __imp_?Open@CStdioFile@@UAEHPBDIPAVCFileException@@@Z 1000a064     mfc42:MFC42.DLL
 0002:00000068       __imp_?Close@CStdioFile@@UAEXXZ 1000a068     mfc42:MFC42.DLL
 0002:0000006c       __imp_??1CStdioFile@@UAE@XZ 1000a06c     mfc42:MFC42.DLL
 0002:00000070       __imp_?GetLocalTm@CTime@@QBEPAUtm@@PAU2@@Z 1000a070     mfc42:MFC42.DLL
 0002:00000074       __imp_?AfxThrowMemoryException@@YGXXZ 1000a074     mfc42:MFC42.DLL
 0002:00000078       __imp_??H@YG?AVCString@@ABV0@0@Z 1000a078     mfc42:MFC42.DLL
 0002:0000007c       __imp_?MakeReverse@CString@@QAEXXZ 1000a07c     mfc42:MFC42.DLL
 0002:00000080       __imp_??YCString@@QAEABV0@D@Z 1000a080     mfc42:MFC42.DLL
 0002:00000084       __imp_?GetTickCount@CTime@@SG?AV1@XZ 1000a084     mfc42:MFC42.DLL
 0002:00000088       __imp_?Format@CTime@@QBE?AVCString@@PBD@Z 1000a088     mfc42:MFC42.DLL
 0002:0000008c       __imp_?GetStatus@CFile@@QBEHAAUCFileStatus@@@Z 1000a08c     mfc42:MFC42.DLL
 0002:00000090       __imp_?RemoveAll@CStringList@@QAEXXZ 1000a090     mfc42:MFC42.DLL
 0002:00000094       __imp_??2@YAPAXI@Z         1000a094     mfc42:MFC42.DLL
 0002:00000098       __imp_?classCObject@CObject@@2UCRuntimeClass@@B 1000a098     mfc42:MFC42.DLL
 0002:0000009c       __imp_?AfxClassInit@@YGXPAUCRuntimeClass@@@Z 1000a09c     mfc42:MFC42.DLL
 0002:000000a0       __imp_?GetRuntimeClass@CObject@@UBEPAUCRuntimeClass@@XZ 1000a0a0     mfc42:MFC42.DLL
 0002:000000a4       __imp_??1CString@@QAE@XZ   1000a0a4     mfc42:MFC42.DLL
 0002:000000a8       __imp_??4CString@@QAEABV0@PBD@Z 1000a0a8     mfc42:MFC42.DLL
 0002:000000ac       __imp_??0CString@@QAE@XZ   1000a0ac     mfc42:MFC42.DLL
 0002:000000b0       __imp_??3@YAXPAX@Z         1000a0b0     mfc42:MFC42.DLL
 0002:000000b4       __imp_?FillBuffer@CArchive@@QAEXI@Z 1000a0b4     mfc42:MFC42.DLL
 0002:000000b8       __imp_??5@YGAAVCArchive@@AAV0@AAVCString@@@Z 1000a0b8     mfc42:MFC42.DLL
 0002:000000bc       __imp_?Flush@CArchive@@QAEXXZ 1000a0bc     mfc42:MFC42.DLL
 0002:000000c0       __imp_??6@YGAAVCArchive@@AAV0@ABVCString@@@Z 1000a0c0     mfc42:MFC42.DLL
 0002:000000c4       __imp_??4CString@@QAEABV0@ABV0@@Z 1000a0c4     mfc42:MFC42.DLL
 0002:000000c8       __imp_?AfxGetModuleState@@YGPAVAFX_MODULE_STATE@@XZ 1000a0c8     mfc42:MFC42.DLL
 0002:000000cc       __imp_?AfxTermExtensionModule@@YGXAAUAFX_EXTENSION_MODULE@@H@Z 1000a0cc     mfc42:MFC42.DLL
 0002:000000d0       __imp_??0CDynLinkLibrary@@QAE@AAUAFX_EXTENSION_MODULE@@H@Z 1000a0d0     mfc42:MFC42.DLL
 0002:000000d4       __imp_?AfxInitExtensionModule@@YGHAAUAFX_EXTENSION_MODULE@@PAUHINSTANCE__@@@Z 1000a0d4     mfc42:MFC42.DLL
 0002:000000d8       __imp_??0CString@@QAE@ABV0@@Z 1000a0d8     mfc42:MFC42.DLL
 0002:000000dc       __imp_?Left@CString@@QBE?AV1@H@Z 1000a0dc     mfc42:MFC42.DLL
 0002:000000e0       __imp_??0CString@@QAE@PBD@Z 1000a0e0     mfc42:MFC42.DLL
 0002:000000e4       __imp_?classCException@CException@@2UCRuntimeClass@@B 1000a0e4     mfc42:MFC42.DLL
 0002:000000e8       __imp_?ReportError@CException@@UAEHII@Z 1000a0e8     mfc42:MFC42.DLL
 0002:000000ec       __imp_?GetErrorMessage@CException@@UAEHPADIPAI@Z 1000a0ec     mfc42:MFC42.DLL
 0002:000000f0       __imp_??YCString@@QAEABV0@PBD@Z 1000a0f0     mfc42:MFC42.DLL
 0002:000000f4       __imp_?Empty@CString@@QAEXXZ 1000a0f4     mfc42:MFC42.DLL
 0002:000000f8       __imp_??0CException@@QAE@XZ 1000a0f8     mfc42:MFC42.DLL
 0002:000000fc       __imp_?IsSerializable@CObject@@QBEHXZ 1000a0fc     mfc42:MFC42.DLL
 0002:00000100       __imp_??5@YGAAVCArchive@@AAV0@AAVCTime@@@Z 1000a100     mfc42:MFC42.DLL
 0002:00000104       __imp_??6@YGAAVCArchive@@AAV0@VCTime@@@Z 1000a104     mfc42:MFC42.DLL
 0002:00000108       __imp_?Delete@CWinThread@@UAEXXZ 1000a108     mfc42:MFC42.DLL
 0002:0000010c       __imp_?GetMainWnd@CWinThread@@UAEPAVCWnd@@XZ 1000a10c     mfc42:MFC42.DLL
 0002:00000110       __imp_?ProcessMessageFilter@CWinThread@@UAEHHPAUtagMSG@@@Z 1000a110     mfc42:MFC42.DLL
 0002:00000114       __imp_?ProcessWndProcException@CWinThread@@UAEJPAVCException@@PBUtagMSG@@@Z 1000a114     mfc42:MFC42.DLL
 0002:00000118       __imp_?ExitInstance@CWinThread@@UAEHXZ 1000a118     mfc42:MFC42.DLL
 0002:0000011c       __imp_?IsIdleMessage@CWinThread@@UAEHPAUtagMSG@@@Z 1000a11c     mfc42:MFC42.DLL
 0002:00000120       __imp_?OnIdle@CWinThread@@UAEHJ@Z 1000a120     mfc42:MFC42.DLL
 0002:00000124       __imp_?PumpMessage@CWinThread@@UAEHXZ 1000a124     mfc42:MFC42.DLL
 0002:00000128       __imp_?PreTranslateMessage@CWinThread@@UAEHPAUtagMSG@@@Z 1000a128     mfc42:MFC42.DLL
 0002:0000012c       __imp_?Run@CWinThread@@UAEHXZ 1000a12c     mfc42:MFC42.DLL
 0002:00000130       __imp_?InitInstance@CWinThread@@UAEHXZ 1000a130     mfc42:MFC42.DLL
 0002:00000134       __imp_?GetConnectionHook@CCmdTarget@@MAEPAUIConnectionPoint@@ABU_GUID@@@Z 1000a134     mfc42:MFC42.DLL
 0002:00000138       __imp_?GetExtraConnectionPoints@CCmdTarget@@MAEHPAVCPtrArray@@@Z 1000a138     mfc42:MFC42.DLL
 0002:0000013c       __imp_?GetInterfaceHook@CCmdTarget@@UAEPAUIUnknown@@PBX@Z 1000a13c     mfc42:MFC42.DLL
 0002:00000140       __imp_?OnCreateAggregates@CCmdTarget@@UAEHXZ 1000a140     mfc42:MFC42.DLL
 0002:00000144       __imp_?GetEventSinkMap@CCmdTarget@@MBEPBUAFX_EVENTSINKMAP@@XZ 1000a144     mfc42:MFC42.DLL
 0002:00000148       __imp_?GetInterfaceMap@CCmdTarget@@MBEPBUAFX_INTERFACEMAP@@XZ 1000a148     mfc42:MFC42.DLL
 0002:0000014c       __imp_??0CTime@@QAE@HHHHHHH@Z 1000a14c     mfc42:MFC42.DLL
 0002:00000150       __imp_?GetDispatchMap@CCmdTarget@@MBEPBUAFX_DISPMAP@@XZ 1000a150     mfc42:MFC42.DLL
 0002:00000154       __imp_?GetCommandMap@CCmdTarget@@MBEPBUAFX_OLECMDMAP@@XZ 1000a154     mfc42:MFC42.DLL
 0002:00000158       __imp_?GetMessageMap@CCmdTarget@@MBEPBUAFX_MSGMAP@@XZ 1000a158     mfc42:MFC42.DLL
 0002:0000015c       __imp_?GetTypeLib@CCmdTarget@@UAEJKPAPAUITypeLib@@@Z 1000a15c     mfc42:MFC42.DLL
 0002:00000160       __imp_?GetTypeLibCache@CCmdTarget@@UAEPAVCTypeLibCache@@XZ 1000a160     mfc42:MFC42.DLL
 0002:00000164       __imp_?GetTypeInfoCount@CCmdTarget@@UAEIXZ 1000a164     mfc42:MFC42.DLL
 0002:00000168       __imp_?GetDispatchIID@CCmdTarget@@UAEHPAU_GUID@@@Z 1000a168     mfc42:MFC42.DLL
 0002:0000016c       __imp_?IsInvokeAllowed@CCmdTarget@@UAEHJ@Z 1000a16c     mfc42:MFC42.DLL
 0002:00000170       __imp_?OnFinalRelease@CCmdTarget@@UAEXXZ 1000a170     mfc42:MFC42.DLL
 0002:00000174       __imp_?OnCmdMsg@CCmdTarget@@UAEHIHPAXPAUAFX_CMDHANDLERINFO@@@Z 1000a174     mfc42:MFC42.DLL
 0002:00000178       __imp_??1CWinThread@@UAE@XZ 1000a178     mfc42:MFC42.DLL
 0002:0000017c       __imp_??0CWinThread@@QAE@XZ 1000a17c     mfc42:MFC42.DLL
 0002:00000180       __imp_?Read@CArchive@@QAEIPAXI@Z 1000a180     mfc42:MFC42.DLL
 0002:00000184       __imp_?Write@CArchive@@QAEXPBXI@Z 1000a184     mfc42:MFC42.DLL
 0002:00000188       __imp_?ReadCount@CArchive@@QAEKXZ 1000a188     mfc42:MFC42.DLL
 0002:0000018c       __imp_?WriteCount@CArchive@@QAEXK@Z 1000a18c     mfc42:MFC42.DLL
 0002:00000190       __imp_?classCFile@CFile@@2UCRuntimeClass@@B 1000a190     mfc42:MFC42.DLL
 0002:00000194       __imp_?GetBufferPtr@CFile@@UAEIIIPAPAX0@Z 1000a194     mfc42:MFC42.DLL
 0002:00000198       __imp_?GetFilePath@CFile@@UBE?AVCString@@XZ 1000a198     mfc42:MFC42.DLL
 0002:0000019c       __imp_?GetFileTitle@CFile@@UBE?AVCString@@XZ 1000a19c     mfc42:MFC42.DLL
 0002:000001a0       __imp_?GetFileName@CFile@@UBE?AVCString@@XZ 1000a1a0     mfc42:MFC42.DLL
 0002:000001a4       __imp_??1CFile@@UAE@XZ     1000a1a4     mfc42:MFC42.DLL
 0002:000001a8       __imp_?AfxThrowUserException@@YGXXZ 1000a1a8     mfc42:MFC42.DLL
 0002:000001ac       __imp_??0CFile@@QAE@XZ     1000a1ac     mfc42:MFC42.DLL
 0002:000001b0       __imp_?Format@CString@@QAAXPBDZZ 1000a1b0     mfc42:MFC42.DLL
 0002:000001b4       __imp_?AddTail@CStringList@@QAEXPAV1@@Z 1000a1b4     mfc42:MFC42.DLL
 0002:000001b8       \177MFC42_NULL_THUNK_DATA  1000a1b8     mfc42:MFC42.DLL
 0002:000001bc       __imp____CxxFrameHandler   1000a1bc     msvcrt:MSVCRT.dll
 0002:000001c0       __imp___itoa               1000a1c0     msvcrt:MSVCRT.dll
 0002:000001c4       __imp___CxxThrowException@8 1000a1c4     msvcrt:MSVCRT.dll
 0002:000001c8       __imp___mbsnbcpy           1000a1c8     msvcrt:MSVCRT.dll
 0002:000001cc       __imp___mbsrchr            1000a1cc     msvcrt:MSVCRT.dll
 0002:000001d0       __imp__free                1000a1d0     msvcrt:MSVCRT.dll
 0002:000001d4       __imp__malloc              1000a1d4     msvcrt:MSVCRT.dll
 0002:000001d8       __imp__strncpy             1000a1d8     msvcrt:MSVCRT.dll
 0002:000001dc       __imp___except_handler3    1000a1dc     msvcrt:MSVCRT.dll
 0002:000001e0       __imp_?terminate@@YAXXZ    1000a1e0     msvcrt:MSVCRT.dll
 0002:000001e4       __imp_??1type_info@@UAE@XZ 1000a1e4     msvcrt:MSVCRT.dll
 0002:000001e8       __imp___initterm           1000a1e8     msvcrt:MSVCRT.dll
 0002:000001ec       __imp___adjust_fdiv        1000a1ec     msvcrt:MSVCRT.dll
 0002:000001f0       \177MSVCRT_NULL_THUNK_DATA 1000a1f0     msvcrt:MSVCRT.dll
 0002:000001f4       __imp__wsprintfA           1000a1f4     user32:USER32.dll
 0002:000001f8       \177USER32_NULL_THUNK_DATA 1000a1f8     user32:USER32.dll
 0002:000001fc       __imp__recv@16             1000a1fc     Ws2_32:WS2_32.dll
 0002:00000200       __imp__select@20           1000a200     Ws2_32:WS2_32.dll
 0002:00000204       __imp__send@16             1000a204     Ws2_32:WS2_32.dll
 0002:00000208       __imp__closesocket@4       1000a208     Ws2_32:WS2_32.dll
 0002:0000020c       __imp__WSAGetLastError@0   1000a20c     Ws2_32:WS2_32.dll
 0002:00000210       \177WS2_32_NULL_THUNK_DATA 1000a210     Ws2_32:WS2_32.dll
 0002:00000214       __imp__ARGetEntry          1000a214     arapi51:arapi51.dll
 0002:00000218       __imp__FreeARFieldValueList 1000a218     arapi51:arapi51.dll
 0002:0000021c       __imp__ARLoadARQualifierStruct 1000a21c     arapi51:arapi51.dll
 0002:00000220       __imp__FreeARQualifierStruct 1000a220     arapi51:arapi51.dll
 0002:00000224       __imp__ARGetListEntryWithFields 1000a224     arapi51:arapi51.dll
 0002:00000228       __imp__FreeAREntryListFieldValueList 1000a228     arapi51:arapi51.dll
 0002:0000022c       __imp__ARGetEntryBLOB      1000a22c     arapi51:arapi51.dll
 0002:00000230       __imp__FreeAREntryIdList   1000a230     arapi51:arapi51.dll
 0002:00000234       __imp__FreeARLocStruct     1000a234     arapi51:arapi51.dll
 0002:00000238       __imp__ARGetListSchema     1000a238     arapi51:arapi51.dll
 0002:0000023c       __imp__FreeARNameList      1000a23c     arapi51:arapi51.dll
 0002:00000240       __imp__ARGetSchema         1000a240     arapi51:arapi51.dll
 0002:00000244       __imp__FreeARCompoundSchema 1000a244     arapi51:arapi51.dll
 0002:00000248       __imp__ARGetField          1000a248     arapi51:arapi51.dll
 0002:0000024c       __imp__ARGetListField      1000a24c     arapi51:arapi51.dll
 0002:00000250       __imp__FreeARInternalIdList 1000a250     arapi51:arapi51.dll
 0002:00000254       __imp__ARTermination       1000a254     arapi51:arapi51.dll
 0002:00000258       __imp__ARInitialization    1000a258     arapi51:arapi51.dll
 0002:0000025c       __imp__FreeARStatusList    1000a25c     arapi51:arapi51.dll
 0002:00000260       __imp__ARVerifyUser        1000a260     arapi51:arapi51.dll
 0002:00000264       \177arapi51_NULL_THUNK_DATA 1000a264     arapi51:arapi51.dll
 0002:00000268       ??_7CAckMsg@@6B@           1000a268     AckMsg.obj
 0002:0000027c       ??_7CObject@@6B@           1000a27c     AckMsg.obj
 0002:00000290       ??_7CARSConnection@@6B@    1000a290     ARSConnection.obj
 0002:000002a8       ?classCARSException@CARSException@@2UCRuntimeClass@@B 1000a2a8     ARSException.obj
 0002:000002c0       ??_7CARSException@@6B@     1000a2c0     ARSException.obj
 0002:000002dc       ??_7CDaysOfWeek@@6B@       1000a2dc     BackupJob.obj
 0002:000002f0       ??_7?$CArray@IPAI@@6B@     1000a2f0     BackupJob.obj
 0002:00000304       ??_7CForm@@6B@             1000a304     BackupJob.obj
 0002:00000308       ??_7CBackupJob@@6B@        1000a308     BackupJob.obj
 0002:00000390       ?classCBlockingSocketFile@CBlockingSocketFile@@2UCRuntimeClass@@B 1000a390     BlockingSocketFile.obj
 0002:000003a8       ??_7CBlockingSocketFile@@6B@ 1000a3a8     BlockingSocketFile.obj
 0002:00000404       ??_7CDaily@@6B@            1000a404     Daily.obj
 0002:00000418       ??_7CFieldValuePair@@6B@   1000a418     DumpARX.obj
 0002:0000041c       ??_7CDumpARX@@6B@          1000a41c     DumpARX.obj
 0002:00000420       ??_7CEntryId@@6B@          1000a420     EntryId.obj
 0002:00000434       ??_7CField@@6B@            1000a434     Field.obj
 0002:00000438       ??_7CFieldList@@6B@        1000a438     FieldList.obj
 0002:0000044c       ??_7?$CList@KAAK@@6B@      1000a44c     FieldList.obj
 0002:0000047c       ??_7CFormList@@6B@         1000a47c     FormList.obj
 0002:00000490       ??_7CMonthly@@6B@          1000a490     Monthly.obj
 0002:000004a4       ??_7CRecord@@6B@           1000a4a4     Record.obj
 0002:000004b8       ??_7?$CList@VCFieldValuePair@@AAV1@@@6B@ 1000a4b8     Record.obj
 0002:000004cc       ??_7CRecordList@@6B@       1000a4cc     RecordList.obj
 0002:000004e0       ??_7?$CList@VCEntryId@@AAV1@@@6B@ 1000a4e0     RecordList.obj
 0002:000004f4       ??_7CSchedule@@6B@         1000a4f4     Schedule.obj
 0002:00000508       ??_7CWeekly@@6B@           1000a508     Weekly.obj
 0002:00000520       ?classCBlockingSocketException@CBlockingSocketException@@2UCRuntimeClass@@B 1000a520     BlockingSocket_R:Blocksock.obj
 0002:00000538       ?classCBlockingSocket@CBlockingSocket@@2UCRuntimeClass@@B 1000a538     BlockingSocket_R:Blocksock.obj
 0002:00000550       ?classCHttpBlockingSocket@CHttpBlockingSocket@@2UCRuntimeClass@@B 1000a550     BlockingSocket_R:Blocksock.obj
 0002:00000568       ??_7CBlockingSocketException@@6B@ 1000a568     BlockingSocket_R:Blocksock.obj
 0002:000005a8       ??_7type_info@@6B@         1000a5a8     msvcrt:ti_inst.obj
 0002:000005b0       ??_R1A@?0A@A@type_info@@8  1000a5b0     msvcrt:ti_inst.obj
 0002:000005c8       ??_R2type_info@@8          1000a5c8     msvcrt:ti_inst.obj
 0002:000005d0       ??_R3type_info@@8          1000a5d0     msvcrt:ti_inst.obj
 0002:000005e0       ??_R4type_info@@6B@        1000a5e0     msvcrt:ti_inst.obj
 0002:000009e0       __CT??_R0PAX@84            1000a9e0     ARSException.obj
 0002:00000a00       __CT??_R0PAVCObject@@@84   1000aa00     ARSException.obj
 0002:00000a20       __CT??_R0PAVCException@@@84 1000aa20     ARSException.obj
 0002:00000a40       __CT??_R0PAVCARSException@@@84 1000aa40     ARSException.obj
 0002:00000a60       __CTA4PAVCARSException@@   1000aa60     ARSException.obj
 0002:00000a78       __TI4PAVCARSException@@    1000aa78     ARSException.obj
 0002:000018d8       __CT??_R0PAVCBlockingSocketException@@@84 1000b8d8     BlockingSocket_R:Blocksock.obj
 0002:000018f8       __CTA4PAVCBlockingSocketException@@ 1000b8f8     BlockingSocket_R:Blocksock.obj
 0002:00001910       __TI4PAVCBlockingSocketException@@ 1000b910     BlockingSocket_R:Blocksock.obj
 0002:000019a8       __IMPORT_DESCRIPTOR_arapi51 1000b9a8     arapi51:arapi51.dll
 0002:000019bc       __IMPORT_DESCRIPTOR_WS2_32 1000b9bc     Ws2_32:WS2_32.dll
 0002:000019d0       __IMPORT_DESCRIPTOR_MFC42  1000b9d0     mfc42:MFC42.DLL
 0002:000019e4       __IMPORT_DESCRIPTOR_MSVCRT 1000b9e4     msvcrt:MSVCRT.dll
 0002:000019f8       __IMPORT_DESCRIPTOR_KERNEL32 1000b9f8     kernel32:KERNEL32.dll
 0002:00001a0c       __IMPORT_DESCRIPTOR_USER32 1000ba0c     user32:USER32.dll
 0002:00001a20       __NULL_IMPORT_DESCRIPTOR   1000ba20     arapi51:arapi51.dll
 0003:00000000       ___xc_a                    1000f000     msvcrt:cinitexe.obj
 0003:0000002c       ___xc_z                    1000f02c     msvcrt:cinitexe.obj
 0003:00000030       ___xi_a                    1000f030     msvcrt:cinitexe.obj
 0003:00000034       ___xi_z                    1000f034     msvcrt:cinitexe.obj
 0003:00000040       ?classCAckMsg@CAckMsg@@2UCRuntimeClass@@A 1000f040     AckMsg.obj
 0003:00000058       ??_C@_07POHI@CAckMsg?$AA@  1000f058     AckMsg.obj
 0003:00000060       ??_C@_04KIKH@none?$AA@     1000f060     AckMsg.obj
 0003:00000068       __pRawDllMain              1000f068     ARS DLL.obj
 0003:00000070       ?classCARSConnection@CARSConnection@@2UCRuntimeClass@@A 1000f070     ARSConnection.obj
 0003:00000088       ??_C@_0P@HGKE@CARSConnection?$AA@ 1000f088     ARSConnection.obj
 0003:00000098       ??_C@_0BO@BIHI@There?5is?5no?5server?5specified?4?$AA@ 1000f098     ARSConnection.obj
 0003:000000b8       ??_C@_0BM@NIGO@There?5is?5no?5user?5specified?4?$AA@ 1000f0b8     ARSConnection.obj
 0003:000000d4       ??_C@_0BI@NKLN@CARSConnection?3?3SetInfo?$AA@ 1000f0d4     ARSConnection.obj
 0003:000000ec       ??_C@_0BI@HCCH@CARSConnection?3?3Login?$CI?$CJ?$AA@ 1000f0ec     ARSConnection.obj
 0003:00000104       ??_C@_0BJ@HJKA@CARSConnection?3?3Logout?$CI?$CJ?$AA@ 1000f104     ARSConnection.obj
 0003:00000120       ??_C@_0DJ@KDOG@CARSConnection?3Serialize?$CI?$CJ?3?5Done@ 1000f120     ARSConnection.obj
 0003:0000015c       ??_C@_0O@LBGF@CARSException?$AA@ 1000f15c     ARSException.obj
 0003:00000170       ??_R0PAVCARSException@@@8  1000f170     ARSException.obj
 0003:0000018c       ??_C@_0BL@JDFI@?$CJ?3?5No?5error?5text?5available?$AA@ 1000f18c     ARSException.obj
 0003:000001a8       ??_C@_03PFGM@?$CJ?3?5?$AA@ 1000f1a8     ARSException.obj
 0003:000001ac       ??_C@_05EAGN@NOTE?$CI?$AA@ 1000f1ac     ARSException.obj
 0003:000001b4       ??_C@_08EEBF@WARNING?$CI?$AA@ 1000f1b4     ARSException.obj
 0003:000001c0       ??_C@_06OLBN@ERROR?$CI?$AA@ 1000f1c0     ARSException.obj
 0003:000001c8       ??_C@_07JLOE@UKNOWN?$CI?$AA@ 1000f1c8     ARSException.obj
 0003:000001d0       ??_C@_02JJJH@?6?6?$AA@     1000f1d0     ARSException.obj
 0003:000001d8       ??_R0PAX@8                 1000f1d8     ARSException.obj
 0003:000001e8       ??_R0PAVCObject@@@8        1000f1e8     ARSException.obj
 0003:00000200       ??_R0PAVCException@@@8     1000f200     ARSException.obj
 0003:0000021c       ??_C@_01BJG@?6?$AA@        1000f21c     ARSException.obj
 0003:00000220       ?classCBackupJob@CBackupJob@@2UCRuntimeClass@@A 1000f220     BackupJob.obj
 0003:00000238       ??_C@_0L@MHKP@CBackupJob?$AA@ 1000f238     BackupJob.obj
 0003:00000244       ??_C@_0CP@DMEG@CBackupJob?3Serialize?$CI?$CJ?3?5Done?5ser@ 1000f244     BackupJob.obj
 0003:00000274       ??_C@_0DI@OBAB@CBackupJob?3Serialize?$CI?$CJ?3?5Done?5Ser@ 1000f274     BackupJob.obj
 0003:000002ac       ??_C@_0BE@CEF@CBlockingSocketFile?$AA@ 1000f2ac     BlockingSocketFile.obj
 0003:000002c0       ??_C@_0CL@PGMJ@CBlockingSocketFile?3?3Read?$CI?$CJ?3?5rea@ 1000f2c0     BlockingSocketFile.obj
 0003:000002ec       ??_C@_0CN@NMNF@CBlockingSocketFile?3?3Write?$CI?$CJ?3?5wr@ 1000f2ec     BlockingSocketFile.obj
 0003:00000320       ?classCDaily@CDaily@@2UCRuntimeClass@@A 1000f320     Daily.obj
 0003:00000338       ??_C@_06LBBH@CDaily?$AA@   1000f338     Daily.obj
 0003:00000340       ??_C@_01KMMP@?$CJ?$AA@     1000f340     DumpARX.obj
 0003:00000344       ??_C@_01GFI@?$CI?$AA@      1000f344     DumpARX.obj
 0003:00000348       ??_C@_0CB@CLFH@?$CI?86?8?5?$DO?$DN?5?$CC?$CFd?1?$CFd?1?$CFd?5?$CFd?3?$CFd?3?$CFd?$CC?$CJ?5AND@ 1000f348     DumpARX.obj
 0003:0000036c       ??_C@_04PILE@?4arx?$AA@    1000f36c     DumpARX.obj
 0003:00000374       ??_C@_01PCFE@?2?$AA@       1000f374     DumpARX.obj
 0003:00000378       ??_C@_0EA@LMID@CDumpARS?3?3DumpARSRecords?$CI?$CJ?3?5?5Err@ 1000f378     DumpARX.obj
 0003:000003b8       ??_C@_02NNKG@?2?2?$AA@     1000f3b8     DumpARX.obj
 0003:000003bc       ??_C@_0BM@KFHE@CFieldList?3?3FillFieldList?$CI?$CJ?$AA@ 1000f3bc     Form.obj
 0003:000003d8       ??_C@_07CNPM@UNKNOWN?$AA@  1000f3d8     Form.obj
 0003:000003e0       ??_C@_09DDPE@TIMEOFDAY?$AA@ 1000f3e0     Form.obj
 0003:000003ec       ??_C@_04CJNM@DATE?$AA@     1000f3ec     Form.obj
 0003:000003f4       ??_C@_08CHBF@CURRENCY?$AA@ 1000f3f4     Form.obj
 0003:00000400       ??_C@_06FFEP@ATTACH?$AA@   1000f400     Form.obj
 0003:00000408       ??_C@_07OOBD@DECIMAL?$AA@  1000f408     Form.obj
 0003:00000410       ??_C@_05LOEO@BYTES?$AA@    1000f410     Form.obj
 0003:00000418       ??_C@_07MPPO@BITMASK?$AA@  1000f418     Form.obj
 0003:00000420       ??_C@_04CFBP@TIME?$AA@     1000f420     Form.obj
 0003:00000428       ??_C@_05BKPM@DIARY?$AA@    1000f428     Form.obj
 0003:00000430       ??_C@_04DDMN@REAL?$AA@     1000f430     Form.obj
 0003:00000438       ??_C@_07KMGD@INTEGER?$AA@  1000f438     Form.obj
 0003:00000440       ??_C@_04GAEI@ENUM?$AA@     1000f440     Form.obj
 0003:00000448       ??_C@_04MLPN@CHAR?$AA@     1000f448     Form.obj
 0003:00000450       ??_C@_0BG@OPBA@CFieldList?3?3GetNext?$CI?$CJ?$AA@ 1000f450     Form.obj
 0003:00000468       ?classCFormList@CFormList@@2UCRuntimeClass@@A 1000f468     FormList.obj
 0003:00000480       ??_C@_09BAAP@CFormList?$AA@ 1000f480     FormList.obj
 0003:00000490       ??_R0PAVCMemoryException@@@8 1000f490     FormList.obj
 0003:000004b0       ??_C@_0M@BFIH@Unsupported?$AA@ 1000f4b0     FormList.obj
 0003:000004bc       ??_C@_06EGJD@Vendor?$AA@   1000f4bc     FormList.obj
 0003:000004c4       ??_C@_07GJAC@Display?$AA@  1000f4c4     FormList.obj
 0003:000004cc       ??_C@_04ODNG@View?$AA@     1000f4cc     FormList.obj
 0003:000004d4       ??_C@_04FNPJ@Join?$AA@     1000f4d4     FormList.obj
 0003:000004dc       ??_C@_07FHP@Regular?$AA@   1000f4dc     FormList.obj
 0003:000004e4       ??_C@_0BO@HHNB@iIndex?5is?5too?5large?5for?5list?4?$AA@ 1000f4e4     FormList.obj
 0003:00000504       ??_C@_0DD@MDCC@Couldn?8t?5get?5an?5item?0?5because?5fo@ 1000f504     FormList.obj
 0003:00000538       ??_C@_0BC@JODH@CFormList?3?3Item?$CI?$CJ?$AA@ 1000f538     FormList.obj
 0003:0000054c       ??_C@_0BG@EIPP@CFormList?3?3GetForms?$CI?$CJ?$AA@ 1000f54c     FormList.obj
 0003:00000564       ??_C@_02NJNF@?3?7?$AA@     1000f564     Globals.obj
 0003:00000568       ??_C@_0BJ@IFCB@?$CFa?5?$CFb?5?$CFd?0?5?$CFY?5?$CFI?3?$CFM?3?$CFS?5?$CFp?$AA@ 1000f568     Globals.obj
 0003:00000588       ?classCMonthly@CMonthly@@2UCRuntimeClass@@A 1000f588     Monthly.obj
 0003:000005a0       ??_C@_08JKKF@CMonthly?$AA@ 1000f5a0     Monthly.obj
 0003:000005ac       ??_C@_0EG@PFEO@An?5unknown?5data?5type?5was?5encount@ 1000f5ac     Record.obj
 0003:000005f4       ??_C@_0BF@PCMJ@CRecord?3?3operator?$DN?$CI?$CJ?$AA@ 1000f5f4     Record.obj
 0003:0000060c       ??_C@_02MHMJ@?$CFu?$AA@    1000f60c     Record.obj
 0003:00000610       ??_C@_02GOLJ@?$CFe?$AA@    1000f610     Record.obj
 0003:00000614       ??_C@_02MECO@?$CFd?$AA@    1000f614     Record.obj
 0003:00000618       ??_C@_04IDIA@DATA?$AA@     1000f618     Record.obj
 0003:00000620       ??_C@_01NON@_?$AA@         1000f620     Record.obj
 0003:00000624       ??_C@_04IPFM@?2r?2n?$AA@   1000f624     Record.obj
 0003:0000062c       ??_C@_01HMO@?$CC?$AA@      1000f62c     Record.obj
 0003:00000630       ??_C@_02CIDM@?2?$CC?$AA@   1000f630     Record.obj
 0003:00000634       ??_C@_02PPMJ@?$CC?$CC?$AA@ 1000f634     Record.obj
 0003:00000638       ??_C@_01FCOA@?5?$AA@       1000f638     Record.obj
 0003:0000063c       ??_C@_0CA@IMPN@CFieldValuePair?3?3DumpAttachment?$AA@ 1000f63c     Record.obj
 0003:0000065c       ??_C@_0CP@KCED@?$CC?5not?5saved?5because?5FillARLocStr@ 1000f65c     Record.obj
 0003:0000068c       ??_C@_0CL@KJMN@?$CC?5not?5saved?5because?5FillEntryId?$CI@ 1000f68c     Record.obj
 0003:000006b8       ??_C@_0O@NCEP@?7Attachment?5?$CC?$AA@ 1000f6b8     Record.obj
 0003:000006c8       ??_C@_0BB@LLLD@Truncated?5name?3?5?$AA@ 1000f6c8     Record.obj
 0003:000006dc       ??_C@_03JPHC@?7?7?7?$AA@   1000f6dc     Record.obj
 0003:000006e0       ??_C@_0EI@OKPC@?7Form?5name?5truncated?5due?5because@ 1000f6e0     Record.obj
 0003:00000728       ??_C@_0CC@DFNL@CFieldValuePair?3?3DumpAttachment?$CI@ 1000f728     Record.obj
 0003:0000074c       ??_C@_0BN@EGOI@The?5entry?5id?5list?5was?5empty?4?$AA@ 1000f74c     Record.obj
 0003:0000076c       ??_C@_0BP@BBOC@CFieldValuePair?3?3FillEntryId?$CI?$CJ?$AA@ 1000f76c     Record.obj
 0003:0000078c       ??_C@_0BK@LKKC@CRecordList?3?3GetRecords?$CI?$CJ?$AA@ 1000f78c     RecordList.obj
 0003:000007a8       ??_C@_0BJ@IJGC@CRecordList?3?3GetRecord?$CI?$CJ?$AA@ 1000f7a8     RecordList.obj
 0003:000007c4       ??_C@_0BL@JDEN@CRecordList?3?3FillEntryId?$CI?$CJ?$AA@ 1000f7c4     RecordList.obj
 0003:000007e0       ??_C@_02NCJM@?5?$CC?$AA@   1000f7e0     RecordList.obj
 0003:000007e4       ??_C@_02PJJB@?$CC?6?$AA@   1000f7e4     RecordList.obj
 0003:000007e8       ??_C@_08KACK@SCHEMA?5?$CC?$AA@ 1000f7e8     RecordList.obj
 0003:000007f4       ??_C@_06KBH@DTYPES?$AA@    1000f7f4     RecordList.obj
 0003:000007fc       ??_C@_06JCAE@FLD?9ID?$AA@  1000f7fc     RecordList.obj
 0003:00000804       ??_C@_06HEO@FIELDS?$AA@    1000f804     RecordList.obj
 0003:00000810       ?classCSchedule@CSchedule@@2UCRuntimeClass@@A 1000f810     Schedule.obj
 0003:00000828       ??_C@_09CNPI@CSchedule?$AA@ 1000f828     Schedule.obj
 0003:00000834       ??_C@_0DC@PJHP@CSchedule?3Serialize?$CI?$CJ?3?5Done?5seri@ 1000f834     Schedule.obj
 0003:00000868       ?classCWeekly@CWeekly@@2UCRuntimeClass@@A 1000f868     Weekly.obj
 0003:00000880       ?classCDaysOfWeek@CDaysOfWeek@@2UCRuntimeClass@@A 1000f880     Weekly.obj
 0003:00000898       ??_C@_0M@ILPH@CDaysOfWeek?$AA@ 1000f898     Weekly.obj
 0003:000008a4       ??_C@_07POKJ@CWeekly?$AA@  1000f8a4     Weekly.obj
 0003:000008ac       ??_C@_0BE@HNBF@CHttpBlockingSocket?$AA@ 1000f8ac     BlockingSocket_R:Blocksock.obj
 0003:000008c0       ??_C@_0BA@NMBP@CBlockingSocket?$AA@ 1000f8c0     BlockingSocket_R:Blocksock.obj
 0003:000008d0       ??_C@_0BJ@DLKO@CBlockingSocketException?$AA@ 1000f8d0     BlockingSocket_R:Blocksock.obj
 0003:000008ec       ??_C@_0N@DJDL@?$CFs?5error?5?$CD?$CFd?$AA@ 1000f8ec     BlockingSocket_R:Blocksock.obj
 0003:000008fc       ??_C@_08BKMG@?$CFs?5error?$AA@ 1000f8fc     BlockingSocket_R:Blocksock.obj
 0003:00000908       ??_R0PAVCBlockingSocketException@@@8 1000f908     BlockingSocket_R:Blocksock.obj
 0003:00000930       ??_C@_05JIMF@Close?$AA@    1000f930     BlockingSocket_R:Blocksock.obj
 0003:00000938       ??_C@_04FDEB@Send?$AA@     1000f938     BlockingSocket_R:Blocksock.obj
 0003:00000940       ??_C@_0N@MHAI@Send?5timeout?$AA@ 1000f940     BlockingSocket_R:Blocksock.obj
 0003:00000950       ??_C@_07DNOO@Receive?$AA@  1000f950     BlockingSocket_R:Blocksock.obj
 0003:00000958       ??_C@_0BA@MLPD@Receive?5timeout?$AA@ 1000f958     BlockingSocket_R:Blocksock.obj
 0003:00000970       ??_R0?AVtype_info@@@8      1000f970     msvcrt:ti_inst.obj
 0003:00000988       ?_init_CAckMsg@@3UAFX_CLASSINIT@@A 1000f988     AckMsg.obj
 0003:00000990       ?log@@3VCFileLogging@@A    1000f990     ARS DLL.obj
 0003:00000998       __afxForceEXTDLL           1000f998     ARS DLL.obj
 0003:000009b4       ?_init_CARSConnection@@3UAFX_CLASSINIT@@A 1000f9b4     ARSConnection.obj
 0003:000009b8       ??_C@_01A@?$AA?$AA@        1000f9b8     ARSException.obj
 0003:000009bc       ?_init_CBackupJob@@3UAFX_CLASSINIT@@A 1000f9bc     BackupJob.obj
 0003:000009c0       ?_init_CDaily@@3UAFX_CLASSINIT@@A 1000f9c0     Daily.obj
 0003:000009c4       ?_init_CFormList@@3UAFX_CLASSINIT@@A 1000f9c4     FormList.obj
 0003:000009c8       ?_init_CMonthly@@3UAFX_CLASSINIT@@A 1000f9c8     Monthly.obj
 0003:000009cc       ??_C@_00A@?$AA@            1000f9cc     RecordList.obj
 0003:000009d0       ?_init_CSchedule@@3UAFX_CLASSINIT@@A 1000f9d0     Schedule.obj
 0003:000009d4       ?_init_CDaysOfWeek@@3UAFX_CLASSINIT@@A 1000f9d4     Weekly.obj
 0003:000009d5       ?_init_CWeekly@@3UAFX_CLASSINIT@@A 1000f9d5     Weekly.obj
 0003:000009d8       __afxForceEXCLUDE          1000f9d8     mfcs42:nolib.obj
 0003:000009dc       __afxForceSTDAFX           1000f9dc     mfcs42:stdafx.obj
 0003:000009e4       __adjust_fdiv              1000f9e4     <common>
 0003:000009e8       ___onexitend               1000f9e8     <common>
 0003:000009ec       ___onexitbegin             1000f9ec     <common>

 entry point at        0001:00007f11

 Static symbols

 0001:000070c0       _$E270                     100080c0 f   Weekly.obj
 0001:000070d0       _$E269                     100080d0 f   Weekly.obj
 0001:00007120       _$E273                     10008120 f   Weekly.obj
 0001:00007130       _$E272                     10008130 f   Weekly.obj
 0001:00006bb0       _$E273                     10007bb0 f   Schedule.obj
 0001:00006bc0       _$E272                     10007bc0 f   Schedule.obj
 0001:00003d10       _$E270                     10004d10 f   Monthly.obj
 0001:00003d20       _$E269                     10004d20 f   Monthly.obj
 0001:000036e0       _$E271                     100046e0 f   FormList.obj
 0001:000036f0       _$E270                     100046f0 f   FormList.obj
 0001:000020d0       _$E269                     100030d0 f   Daily.obj
 0001:000020e0       _$E268                     100030e0 f   Daily.obj
 0001:00001560       _$E276                     10002560 f   BackupJob.obj
 0001:00001570       _$E275                     10002570 f   BackupJob.obj
 0001:00000510       _$E270                     10001510 f   ARSConnection.obj
 0001:00000520       _$E269                     10001520 f   ARSConnection.obj
 0001:00000420       _$E268                     10001420 f   ARS DLL.obj
 0001:00000430       _$E267                     10001430 f   ARS DLL.obj
 0001:00000070       _$E269                     10001070 f   AckMsg.obj
 0001:00000080       _$E268                     10001080 f   AckMsg.obj
 0001:00007e2e       ?ArrayUnwindFilter@@YAHPAU_EXCEPTION_POINTERS@@@Z 10008e2e f   msvcrt:ehvecdtr.obj

Line numbers for .\Release\Weekly.obj(C:\Program Files\Microsoft Visual Studio\VC98\MFC\INCLUDE\afx.inl) segment .text

   301 0001:000075a0

Line numbers for .\Release\Weekly.obj(C:\Documents and Settings\mellertson.BTECH\My Documents\Developer\ARAccelerators\ARS DLL\Weekly.cpp) segment .text

     9 0001:00007050     9 0001:000070b0     9 0001:000070d0    10 0001:000070e0
    10 0001:00007110    10 0001:00007130    13 0001:00007140    16 0001:00007143
    17 0001:00007155    18 0001:00007158    19 0001:0000715f    21 0001:00007162
    24 0001:000071d0    27 0001:000071e5    30 0001:000071f0    31 0001:000071f8
    34 0001:00007203    37 0001:0000720c    45 0001:00007210    46 0001:00007216
    52 0001:00007229    53 0001:00007233    55 0001:00007238    72 0001:0000723c
    79 0001:0000724a    80 0001:000072c5    81 0001:000072d5    85 0001:000072e4
    86 0001:000072ec    87 0001:00007303    88 0001:00007311    90 0001:0000731e
    98 0001:00007322   100 0001:0000732a   102 0001:00007337   109 0001:0000733d
   110 0001:00007342   111 0001:00007343    93 0001:00007345    94 0001:00007353
   112 0001:00007361   114 0001:00007363   115 0001:00007368   116 0001:00007369
   117 0001:0000736b   121 0001:0000736d   125 0001:00007396   166 0001:000073a0
   104 0001:000073aa   166 0001:000073b0   169 0001:000073c0   171 0001:000073c4
   174 0001:000073d8   176 0001:000073ee   177 0001:0000741a   178 0001:00007426
   188 0001:0000744f   182 0001:00007457   184 0001:00007469   185 0001:0000749a
   186 0001:000074a2   188 0001:000074d2   195 0001:000074e0   197 0001:000074f9
   200 0001:00007500   202 0001:00007509   205 0001:00007510   207 0001:00007519
   212 0001:00007520   214 0001:0000752d   216 0001:00007535   221 0001:00007540
   223 0001:0000754d   225 0001:00007555   231 0001:00007560   233 0001:0000756d
   237 0001:00007571   236 0001:00007574   237 0001:00007579   243 0001:00007580
   245 0001:0000758d   248 0001:00007591   247 0001:00007594   248 0001:00007599

Line numbers for .\Release\Schedule.obj(C:\Documents and Settings\mellertson.BTECH\My Documents\Developer\ARAccelerators\ARS DLL\Schedule.cpp) segment .text

    11 0001:00006b40    11 0001:00006ba0    11 0001:00006bc0    14 0001:00006bd0
    15 0001:00006c23    16 0001:00006c3a    19 0001:00006cb0    24 0001:00006d02
    31 0001:00006d30    32 0001:00006d31    50 0001:00006d3f    51 0001:00006d49
    43 0001:00006d4d    51 0001:00006d69    35 0001:00006d6d    51 0001:00006d76
    54 0001:00006d80    57 0001:00006d8e    58 0001:00006dac    59 0001:00006db8
    60 0001:00006dca    61 0001:00006dd0    62 0001:00006dda    65 0001:00006de0
    68 0001:00006de2    69 0001:00006df2    70 0001:00006e0f    71 0001:00006e28
    72 0001:00006e39    73 0001:00006e3b    74 0001:00006e58    75 0001:00006e73
    77 0001:00006e80    78 0001:00006e90    79 0001:00006e9a    81 0001:00006eaa
    82 0001:00006ec0    92 0001:00006ed0    94 0001:00006ed6    97 0001:00006ee0
    99 0001:00006eec   108 0001:00006ef0   113 0001:00006efe   122 0001:00006f10
   135 0001:00006f1e   136 0001:00006f28   130 0001:00006f2b   136 0001:00006f4c
   126 0001:00006f4f   136 0001:00006f58   139 0001:00006f60   141 0001:00006f6a
   144 0001:00006f70   145 0001:00006f71   157 0001:00006f7f   158 0001:00006f89
   152 0001:00006f8d   158 0001:00006fa2   148 0001:00006fa6   158 0001:00006faf
   170 0001:00006fc0   172 0001:00006fc9   173 0001:00006fd6   176 0001:00006fe0
   178 0001:00006ff2   181 0001:00007000   183 0001:00007012   186 0001:00007020
   188 0001:00007027   196 0001:00007030   198 0001:0000703d   201 0001:00007040
   203 0001:0000704d

Line numbers for .\Release\RecordList.obj(C:\Program Files\Microsoft Visual Studio\VC98\MFC\INCLUDE\afxtempl.h) segment .text

   755 0001:000068d0   756 0001:000068f6   758 0001:0000693b  1043 0001:00006960
  1048 0001:0000697a  1050 0001:00006989  1051 0001:00006994  1054 0001:0000699f
  1051 0001:000069bd  1067 0001:000069c5  1059 0001:000069d6  1060 0001:000069dd
  1059 0001:000069f1  1062 0001:000069f5  1063 0001:000069fe  1064 0001:00006a2c
  1065 0001:00006adf  1067 0001:00006b04

Line numbers for .\Release\RecordList.obj(C:\Documents and Settings\mellertson.BTECH\My Documents\Developer\ARAccelerators\ARS DLL\RecordList.cpp) segment .text

    21 0001:00005890    23 0001:000058d8    24 0001:000058eb    27 0001:00005960
    28 0001:00005986    29 0001:00005996    36 0001:00005a10    37 0001:00005a31
    47 0001:00005a88    48 0001:00005ac9    50 0001:00005aec    56 0001:00005afd
    58 0001:00005b28    59 0001:00005b33    64 0001:00005b45    71 0001:00005b5b
    72 0001:00005b6d    73 0001:00005b74    74 0001:00005b82    76 0001:00005b87
    88 0001:00005b90    90 0001:00005bce    91 0001:00005bd9    92 0001:00005be4
    94 0001:00005bf6    97 0001:00005c04    98 0001:00005c0b    99 0001:00005c12
   100 0001:00005c1d   101 0001:00005c2b   103 0001:00005c5d   106 0001:00005c60
   112 0001:00005c69   114 0001:00005c91   115 0001:00005c9a   119 0001:00005ca3
   121 0001:00005cb5   122 0001:00005cc2   123 0001:00005cd0   127 0001:00005d81
   128 0001:00005d84   129 0001:00005d8e   137 0001:00005d9c   139 0001:00005daa
   140 0001:00005db4   137 0001:00005dcd   142 0001:00005dd1   144 0001:00005e8a
   112 0001:00005ebe   146 0001:00005ec0   147 0001:00005ecb   148 0001:00005ed9
   149 0001:00005f17   155 0001:00005f40   156 0001:00005f63   161 0001:00005f75
   164 0001:00005f85   167 0001:00005fe3   175 0001:00006000   177 0001:00006047
   178 0001:00006050   179 0001:0000608e   180 0001:000060a1   183 0001:000060c1
   188 0001:000060cf   191 0001:000060f1   192 0001:000060fc   195 0001:00006107
   196 0001:00006142   199 0001:00006160   228 0001:0000617a   214 0001:000061f6
   215 0001:000061fa   217 0001:000061fe   218 0001:00006210   219 0001:00006219
   233 0001:00006240   223 0001:00006252   226 0001:00006254   228 0001:00006258
   226 0001:00006288   232 0001:0000628d   233 0001:000062af   241 0001:000062d0
   242 0001:000062f1   243 0001:000062fc   245 0001:0000630c   248 0001:00006331
   249 0001:0000634c   252 0001:0000638a   253 0001:0000639b   256 0001:000063a7
   257 0001:000063bc   260 0001:000063c2   262 0001:000063cb   267 0001:000063d9
   271 0001:000063ef   272 0001:000063f9   273 0001:000063fc   274 0001:0000640a
   280 0001:00006416   281 0001:00006466   282 0001:00006493   283 0001:000064a3
   287 0001:000064c1   288 0001:0000650a   275 0001:00006525   276 0001:0000652c
   293 0001:00006580   294 0001:0000659e   295 0001:000065a9   296 0001:000065b6
   297 0001:000065c9   298 0001:000065dc   300 0001:000065ef   303 0001:000065fd
   304 0001:0000665b   305 0001:00006672   306 0001:00006679   310 0001:00006682
   311 0001:00006690   313 0001:0000669b   315 0001:000066db   318 0001:0000673d
   319 0001:00006754   322 0001:00006784   311 0001:000067b8   326 0001:000067c0
   327 0001:000067cb   328 0001:000067db   330 0001:000067e2   331 0001:000067ed
   332 0001:000067fd   334 0001:00006804   335 0001:0000680f   336 0001:0000681f
   337 0001:00006826   343 0001:000068a0   344 0001:000068a4   346 0001:000068ae
   348 0001:000068b2   349 0001:000068be

Line numbers for .\Release\Record.obj(C:\Program Files\Microsoft Visual Studio\VC98\MFC\INCLUDE\afxcoll.inl) segment .text

   397 0001:00005860   400 0001:00005866

Line numbers for .\Release\Record.obj(C:\Program Files\Microsoft Visual Studio\VC98\MFC\INCLUDE\afxtempl.h) segment .text

   694 0001:000055b0   697 0001:000055b6   755 0001:000055f0   756 0001:00005616
   758 0001:0000565a  1043 0001:00005680  1048 0001:0000569a  1050 0001:000056a9
  1051 0001:000056b4  1054 0001:000056bf  1051 0001:000056dd  1067 0001:000056e5
  1059 0001:000056f6  1060 0001:000056fd  1059 0001:00005711  1062 0001:00005715
  1063 0001:0000571e  1064 0001:0000574a  1065 0001:000057fd  1067 0001:00005822

Line numbers for .\Release\Record.obj(C:\Documents and Settings\mellertson.BTECH\My Documents\Developer\ARAccelerators\ARS DLL\Record.cpp) segment .text

    20 0001:00004060    22 0001:000040a7    25 0001:00004120    27 0001:00004148
    38 0001:000041c0    41 0001:000041ea    42 0001:000041fe    45 0001:00004220
    47 0001:00004226    50 0001:00004230    51 0001:00004260    52 0001:00004264
    53 0001:0000427e    54 0001:00004282    57 0001:000042b0    58 0001:000042b1
    60 0001:000042bc    61 0001:000042dc    62 0001:00004300    65 0001:00004310
    66 0001:0000435a    67 0001:00004369    69 0001:00004389    71 0001:0000447f
    72 0001:00004499    85 0001:000044b0    91 0001:000044d3    93 0001:000044d8
    94 0001:000044dc    96 0001:000044ec    98 0001:00004526    99 0001:00004532
   102 0001:00004550   103 0001:00004578   104 0001:00004582   106 0001:00004593
   108 0001:0000459a   110 0001:000045ce   113 0001:000045f0   114 0001:000045f1
   115 0001:00004606   116 0001:00004615   119 0001:00004620   121 0001:00004640
   122 0001:0000464b   125 0001:0000468b   126 0001:0000468f   128 0001:000046a9
   131 0001:0000478a   133 0001:000047a4   134 0001:000047b0   137 0001:000047d0
   138 0001:000047e9   139 0001:000047f7   140 0001:00004808   143 0001:00004819
   146 0001:00004832   147 0001:00004838   149 0001:0000483f   151 0001:00004852
   152 0001:0000485b   159 0001:00004860   160 0001:00004869   162 0001:0000486b
   163 0001:00004885   167 0001:0000488a   168 0001:00004897   170 0001:0000489c
   171 0001:000048b2   173 0001:000048b7   174 0001:000048e6   177 0001:000048e8
   178 0001:0000491a   180 0001:0000491c   181 0001:00004925   188 0001:00004937
   190 0001:00004945   194 0001:00004a23   195 0001:00004a53   200 0001:00004ab0
   201 0001:00004ac8   203 0001:00004ae4   205 0001:00004af5   208 0001:00004aff
   211 0001:00004b0c   212 0001:00004b0f   216 0001:00004b1b   219 0001:00004b31
   221 0001:00004b38   223 0001:00004b5a   228 0001:00004b70   229 0001:00004b90
   230 0001:00004b9d   231 0001:00004ba1   235 0001:00004ba5   236 0001:00004bc7
   237 0001:00004bd0   240 0001:00004bdb   241 0001:00004be4   242 0001:00004bfa
   245 0001:00004c06   246 0001:00004c0f   252 0001:00004c31   257 0001:00004c38
   260 0001:00004c7e   261 0001:00004ca0   266 0001:00004cc0   267 0001:00004cde
   268 0001:00004ce3   271 0001:00004cf0   274 0001:00004d05   277 0001:00004d0c
   279 0001:00004d2b   281 0001:00004d66   282 0001:00004d72   287 0001:00004db0
   290 0001:00004dce   292 0001:00004de6   296 0001:00004df3   299 0001:00004e0b
   300 0001:00004e17   309 0001:00004e1c   310 0001:00004e24   316 0001:00004e29
   317 0001:00004e3c   319 0001:00004e4f   321 0001:00004e5b   323 0001:00004e67
   324 0001:00004e73   326 0001:00004e78   327 0001:00004e81   328 0001:00004e8f
   329 0001:00004e9d   330 0001:00004eab   333 0001:00004ebb   334 0001:00004ec9
   335 0001:00004ed2   336 0001:00004f01   339 0001:00004f0a   342 0001:00004f3b
   343 0001:00004f51   348 0001:00004f57   349 0001:00005015   354 0001:00005066
   355 0001:00005092   356 0001:000050c1   357 0001:00005126   359 0001:0000516c
   379 0001:000051e0   386 0001:00005201   387 0001:00005251   390 0001:00005262
   391 0001:00005270   392 0001:00005286   393 0001:00005297   394 0001:000052a5
   395 0001:000052b3   397 0001:000052c1   399 0001:000052d1   402 0001:000052e9
   403 0001:000052f2   404 0001:00005308   405 0001:00005319   406 0001:00005327
   407 0001:00005335   408 0001:0000533f   409 0001:00005351   412 0001:00005361
[...]
       69    ??4CWeekly@@QAEAAV0@AAV0@@Z (public: class CWeekly & __thiscall CWeekly::operator=(class CWeekly &))
       70    ??BCARSConnection@@QAEPAUARControlStruct@@XZ (public: __thiscall CARSConnection::operator struct ARControlStruct *(void))
       71    ??BCField@@QAEPAKXZ (public: __thiscall CField::operator unsigned long *(void))
       72    ??BCFieldList@@QAEPAUARInternalIdList@@XZ (public: __thiscall CFieldList::operator struct ARInternalIdList *(void))
       73    ??YCEntryId@@QAE?AV0@ABVCString@@@Z (public: class CEntryId __thiscall CEntryId::operator+=(class CString const &))
       74    ??_7CARSConnection@@6B@ (const CARSConnection::`vftable')
       75    ??_7CARSException@@6B@ (const CARSException::`vftable')
       76    ??_7CAckMsg@@6B@ (const CAckMsg::`vftable')
       77    ??_7CBackupJob@@6B@ (const CBackupJob::`vftable')
       78    ??_7CBlockingSocketFile@@6B@ (const CBlockingSocketFile::`vftable')
       79    ??_7CDaily@@6B@ (const CDaily::`vftable')
       80    ??_7CDaysOfWeek@@6B@ (const CDaysOfWeek::`vftable')
       81    ??_7CDumpARX@@6B@ (const CDumpARX::`vftable')
       82    ??_7CEntryId@@6B@ (const CEntryId::`vftable')
       83    ??_7CField@@6B@ (const CField::`vftable')
       84    ??_7CFieldList@@6B@ (const CFieldList::`vftable')
       85    ??_7CFieldValuePair@@6B@ (const CFieldValuePair::`vftable')
       86    ??_7CForm@@6B@ (const CForm::`vftable')
       87    ??_7CFormList@@6B@ (const CFormList::`vftable')
       88    ??_7CMonthly@@6B@ (const CMonthly::`vftable')
       89    ??_7CRecord@@6B@ (const CRecord::`vftable')
       90    ??_7CRecordList@@6B@ (const CRecordList::`vftable')
       91    ??_7CSchedule@@6B@ (const CSchedule::`vftable')
       92    ??_7CWeekly@@6B@ (const CWeekly::`vftable')
       93    ?Abort@CBlockingSocketFile@@EAEXXZ (private: virtual void __thiscall CBlockingSocketFile::Abort(void))
       94    ?AdvanceNextRun@CDaily@@QAEXAAVCTime@@0@Z (public: void __thiscall CDaily::AdvanceNextRun(class CTime &,class CTime &))
       95    ?AdvanceNextRun@CMonthly@@QAEXAAVCTime@@0@Z (public: void __thiscall CMonthly::AdvanceNextRun(class CTime &,class CTime &))
       96    ?AdvanceNextRun@CSchedule@@QAE?AVCTime@@H@Z (public: class CTime __thiscall CSchedule::AdvanceNextRun(int))
       97    ?AdvanceNextRun@CWeekly@@QAE?AVCTime@@AAV2@H@Z (public: class CTime __thiscall CWeekly::AdvanceNextRun(class CTime &,int))
       98    ?ChangeLevel@CFileLogging@@QAEXH@Z (public: void __thiscall CFileLogging::ChangeLevel(int))
       99    ?CleanupFileName@CDumpARX@@IAE?AVCString@@AAV2@@Z (protected: class CString __thiscall CDumpARX::CleanupFileName(class CString &))
      100    ?Close@CBlockingSocketFile@@UAEXXZ (public: virtual void __thiscall CBlockingSocketFile::Close(void))
      101    ?CreateDirectorySeq@CDumpARX@@IAE_NPBD@Z (protected: bool __thiscall CDumpARX::CreateDirectorySeq(char const *))
      102    ?CreateObject@CARSConnection@@SGPAVCObject@@XZ (public: static class CObject * __stdcall CARSConnection::CreateObject(void))
      103    ?CreateObject@CAckMsg@@SGPAVCObject@@XZ (public: static class CObject * __stdcall CAckMsg::CreateObject(void))
      104    ?CreateObject@CBackupJob@@SGPAVCObject@@XZ (public: static class CObject * __stdcall CBackupJob::CreateObject(void))
      105    ?CreateObject@CDaily@@SGPAVCObject@@XZ (public: static class CObject * __stdcall CDaily::CreateObject(void))
      106    ?CreateObject@CDaysOfWeek@@SGPAVCObject@@XZ (public: static class CObject * __stdcall CDaysOfWeek::CreateObject(void))
      107    ?CreateObject@CFormList@@SGPAVCObject@@XZ (public: static class CObject * __stdcall CFormList::CreateObject(void))
      108    ?CreateObject@CMonthly@@SGPAVCObject@@XZ (public: static class CObject * __stdcall CMonthly::CreateObject(void))
      109    ?CreateObject@CSchedule@@SGPAVCObject@@XZ (public: static class CObject * __stdcall CSchedule::CreateObject(void))
      110    ?CreateObject@CWeekly@@SGPAVCObject@@XZ (public: static class CObject * __stdcall CWeekly::CreateObject(void))
      111    ?Disable@CFileLogging@@QAEXXZ (public: void __thiscall CFileLogging::Disable(void))
      112    ?DumpARX@CFieldValuePair@@QAEHAAVCARSConnection@@VCString@@AAVCStdioFile@@AAV3@PAIAAVCEntryId@@3@Z (public: int __thiscall CFieldValuePair::DumpARX(class CARSConnection &,class CString,class CStdioFile &,class CString &,unsigned int *,class CEntryId &,class CString &))
      113    ?DumpARX@CRecord@@QAEHAAVCARSConnection@@VCString@@AAVCStdioFile@@AAV3@PAI3@Z (public: int __thiscall CRecord::DumpARX(class CARSConnection &,class CString,class CStdioFile &,class CString &,unsigned int *,class CString &))
      114    ?DumpARX@CRecordList@@QAE_NAAVCARSConnection@@AAVCStdioFile@@AAVCString@@VCTime@@@Z (public: bool __thiscall CRecordList::DumpARX(class CARSConnection &,class CStdioFile &,class CString &,class CTime))
      115    ?DumpARXHeader@CRecordList@@IAEHAAVCARSConnection@@AAVCStdioFile@@AAVCFieldList@@@Z (protected: int __thiscall CRecordList::DumpARXHeader(class CARSConnection &,class CStdioFile &,class CFieldList &))
      116    ?DumpARXRecords@CDumpARX@@QAEHAAVCARSConnection@@AAVCFormList@@VCString@@AAV4@VCTime@@I@Z (public: int __thiscall CDumpARX::DumpARXRecords(class CARSConnection &,class CFormList &,class CString,class CString &,class CTime,unsigned int))
      117    ?DumpAttachment@CFieldValuePair@@QAEHAAVCARSConnection@@VCString@@VCEntryId@@K1@Z (public: int __thiscall CFieldValuePair::DumpAttachment(class CARSConnection &,class CString,class CEntryId,unsigned long,class CString))
      118    ?Duplicate@CBlockingSocketFile@@EBEPAVCFile@@XZ (private: virtual class CFile * __thiscall CBlockingSocketFile::Duplicate(void)const )
      119    ?Enable@CFileLogging@@QAEXPAVCStdioFile@@H@Z (public: void __thiscall CFileLogging::Enable(class CStdioFile *,int))
      120    ?FillARLocStruct@CFieldValuePair@@IAEHAAVCString@@AAUARLocStruct@@@Z (protected: int __thiscall CFieldValuePair::FillARLocStruct(class CString &,struct ARLocStruct &))
      121    ?FillEntryId@CFieldValuePair@@IAEHAAVCEntryId@@PAUAREntryIdList@@@Z (protected: int __thiscall CFieldValuePair::FillEntryId(class CEntryId &,struct AREntryIdList *))
      122    ?FillEntryId@CRecordList@@IAE?AVCEntryId@@PAUAREntryIdList@@PAU__POSITION@@@Z (protected: class CEntryId __thiscall CRecordList::FillEntryId(struct AREntryIdList *,struct __POSITION *))
      123    ?FillFieldList@CFieldList@@QAEHAAVCARSConnection@@K@Z (public: int __thiscall CFieldList::FillFieldList(class CARSConnection &,unsigned long))
      124    ?FillFieldList@CFieldList@@QAEHAAVCARSConnection@@VCString@@K@Z (public: int __thiscall CFieldList::FillFieldList(class CARSConnection &,class CString,unsigned long))
      125    ?FillRecordList@CRecordList@@QAE_NAAVCARSConnection@@VCString@@1I@Z (public: bool __thiscall CRecordList::FillRecordList(class CARSConnection &,class CString,class CString,unsigned int))
      126    ?Flush@CBlockingSocketFile@@EAEXXZ (private: virtual void __thiscall CBlockingSocketFile::Flush(void))
      127    ?GetCurrentRunTime@CSchedule@@QAE?AVCTime@@XZ (public: class CTime __thiscall CSchedule::GetCurrentRunTime(void))
      128    ?GetCurrentRunTime@CWeekly@@QAE?AVCTime@@XZ (public: class CTime __thiscall CWeekly::GetCurrentRunTime(void))
      129    ?GetDay@CWeekly@@QAEHH@Z (public: int __thiscall CWeekly::GetDay(int))
      130    ?GetEnabledFlag@CBackupJob@@QAEHXZ (public: int __thiscall CBackupJob::GetEnabledFlag(void))
      131    ?GetForms@CFormList@@QAEXAAVCARSConnection@@I@Z (public: void __thiscall CFormList::GetForms(class CARSConnection &,unsigned int))
      132    ?GetHour@CWeekly@@QAEHH@Z (public: int __thiscall CWeekly::GetHour(int))
      133    ?GetIncFlag@CBackupJob@@QAEHXZ (public: int __thiscall CBackupJob::GetIncFlag(void))
      134    ?GetLastRunTime@CBackupJob@@QAE?AVCTime@@XZ (public: class CTime __thiscall CBackupJob::GetLastRunTime(void))
      135    ?GetLength@CBlockingSocketFile@@EBEKXZ (private: virtual unsigned long __thiscall CBlockingSocketFile::GetLength(void)const )
      136    ?GetNextField@CFieldList@@QAE?AVCField@@AAVCARSConnection@@AAPAU__POSITION@@@Z (public: class CField __thiscall CFieldList::GetNextField(class CARSConnection &,struct __POSITION * &))
      137    ?GetNextRunTime@CSchedule@@QAE?AVCTime@@XZ (public: class CTime __thiscall CSchedule::GetNextRunTime(void))
      138    ?GetNextRunTime@CWeekly@@QAE?AVCTime@@AAV2@@Z (public: class CTime __thiscall CWeekly::GetNextRunTime(class CTime &))
      139    ?GetOnceTime@CSchedule@@QAE?AVCTime@@XZ (public: class CTime __thiscall CSchedule::GetOnceTime(void))
      140    ?GetPassword@CARSConnection@@QAE?AVCString@@XZ (public: class CString __thiscall CARSConnection::GetPassword(void))
      141    ?GetPosition@CBlockingSocketFile@@EBEKXZ (private: virtual unsigned long __thiscall CBlockingSocketFile::GetPosition(void)const )
      142    ?GetRecord@CRecordList@@QAE?AVCRecord@@AAVCARSConnection@@PAU__POSITION@@AAVCFieldList@@@Z (public: class CRecord __thiscall CRecordList::GetRecord(class CARSConnection &,struct __POSITION *,class CFieldList &))
      143    ?GetReturnCode@CDumpARX@@QAEHXZ (public: int __thiscall CDumpARX::GetReturnCode(void))
      144    ?GetRuntimeClass@CARSConnection@@UBEPAUCRuntimeClass@@XZ (public: virtual struct CRuntimeClass * __thiscall CARSConnection::GetRuntimeClass(void)const )
      145    ?GetRuntimeClass@CARSException@@UBEPAUCRuntimeClass@@XZ (public: virtual struct CRuntimeClass * __thiscall CARSException::GetRuntimeClass(void)const )
      146    ?GetRuntimeClass@CAckMsg@@UBEPAUCRuntimeClass@@XZ (public: virtual struct CRuntimeClass * __thiscall CAckMsg::GetRuntimeClass(void)const )
      147    ?GetRuntimeClass@CBackupJob@@UBEPAUCRuntimeClass@@XZ (public: virtual struct CRuntimeClass * __thiscall CBackupJob::GetRuntimeClass(void)const )
      148    ?GetRuntimeClass@CBlockingSocketFile@@UBEPAUCRuntimeClass@@XZ (public: virtual struct CRuntimeClass * __thiscall CBlockingSocketFile::GetRuntimeClass(void)const )
      149    ?GetRuntimeClass@CDaily@@UBEPAUCRuntimeClass@@XZ (public: virtual struct CRuntimeClass * __thiscall CDaily::GetRuntimeClass(void)const )
      150    ?GetRuntimeClass@CDaysOfWeek@@UBEPAUCRuntimeClass@@XZ (public: virtual struct CRuntimeClass * __thiscall CDaysOfWeek::GetRuntimeClass(void)const )
      151    ?GetRuntimeClass@CFormList@@UBEPAUCRuntimeClass@@XZ (public: virtual struct CRuntimeClass * __thiscall CFormList::GetRuntimeClass(void)const )
      152    ?GetRuntimeClass@CMonthly@@UBEPAUCRuntimeClass@@XZ (public: virtual struct CRuntimeClass * __thiscall CMonthly::GetRuntimeClass(void)const )
      153    ?GetRuntimeClass@CSchedule@@UBEPAUCRuntimeClass@@XZ (public: virtual struct CRuntimeClass * __thiscall CSchedule::GetRuntimeClass(void)const )
      154    ?GetRuntimeClass@CWeekly@@UBEPAUCRuntimeClass@@XZ (public: virtual struct CRuntimeClass * __thiscall CWeekly::GetRuntimeClass(void)const )
      155    ?GetServer@CARSConnection@@QAE?AVCString@@XZ (public: class CString __thiscall CARSConnection::GetServer(void))
      156    ?GetStartTime@CBackupJob@@QAE?AVCTime@@XZ (public: class CTime __thiscall CBackupJob::GetStartTime(void))
      157    ?GetStartTime@CSchedule@@QAE?AVCTime@@XZ (public: class CTime __thiscall CSchedule::GetStartTime(void))
      158    ?GetType@CBackupJob@@QAEIXZ (public: unsigned int __thiscall CBackupJob::GetType(void))
      159    ?GetType@CSchedule@@QAEIXZ (public: unsigned int __thiscall CSchedule::GetType(void))
      160    ?GetUser@CARSConnection@@QAE?AVCString@@XZ (public: class CString __thiscall CARSConnection::GetUser(void))
      161    ?GetWeeklyDay@CSchedule@@QAEHH@Z (public: int __thiscall CSchedule::GetWeeklyDay(int))
      162    ?GetWeeklyHour@CSchedule@@QAEHH@Z (public: int __thiscall CSchedule::GetWeeklyHour(int))
      163    ?IsLoggedIn@CARSConnection@@QAEHXZ (public: int __thiscall CARSConnection::IsLoggedIn(void))
      164    ?Item@CFormList@@QAE?AVCForm@@AAVCARSConnection@@H@Z (public: class CForm __thiscall CFormList::Item(class CARSConnection &,int))
      165    ?LockRange@CBlockingSocketFile@@EAEXKK@Z (private: virtual void __thiscall CBlockingSocketFile::LockRange(unsigned long,unsigned long))
      166    ?Log@CFileLogging@@QAAXHPBDZZ (public: void __cdecl CFileLogging::Log(int,char const *,...))
      167    ?Login@CARSConnection@@QAEXXZ (public: void __thiscall CARSConnection::Login(void))
      168    ?Logout@CARSConnection@@QAEXXZ (public: void __thiscall CARSConnection::Logout(void))
      169    ?Open@CBlockingSocketFile@@EAEHPBDIPAVCFileException@@@Z (private: virtual int __thiscall CBlockingSocketFile::Open(char const *,unsigned int,class CFileException *))
      170    ?Read@CBlockingSocketFile@@UAEIPAXI@Z (public: virtual unsigned int __thiscall CBlockingSocketFile::Read(void *,unsigned int))
      171    ?RegisterLog@CBlockingSocketFile@@QAEXP6AXPBD@Z@Z (public: void __thiscall CBlockingSocketFile::RegisterLog(void (__cdecl*)(char const *)))
      172    ?ReplaceFormChars@CDumpARX@@IAE?AVCString@@AAV2@@Z (protected: class CString __thiscall CDumpARX::ReplaceFormChars(class CString &))
      173    ?ResetInfo@CARSConnection@@AAEXXZ (private: void __thiscall CARSConnection::ResetInfo(void))
      174    ?Seek@CBlockingSocketFile@@EAEJJI@Z (private: virtual long __thiscall CBlockingSocketFile::Seek(long,unsigned int))
      175    ?Serialize@CARSConnection@@UAEXAAVCArchive@@@Z (public: virtual void __thiscall CARSConnection::Serialize(class CArchive &))
      176    ?Serialize@CAckMsg@@UAEXAAVCArchive@@@Z (public: virtual void __thiscall CAckMsg::Serialize(class CArchive &))
      177    ?Serialize@CBackupJob@@UAEXAAVCArchive@@@Z (public: virtual void __thiscall CBackupJob::Serialize(class CArchive &))
      178    ?Serialize@CDaily@@UAEXAAVCArchive@@@Z (public: virtual void __thiscall CDaily::Serialize(class CArchive &))
      179    ?Serialize@CMonthly@@UAEXAAVCArchive@@@Z (public: virtual void __thiscall CMonthly::Serialize(class CArchive &))
      180    ?Serialize@CSchedule@@UAEXAAVCArchive@@@Z (public: virtual void __thiscall CSchedule::Serialize(class CArchive &))
      181    ?Serialize@CWeekly@@UAEXAAVCArchive@@@Z (public: virtual void __thiscall CWeekly::Serialize(class CArchive &))
      182    ?SetDays@CWeekly@@QAEXHH@Z (public: void __thiscall CWeekly::SetDays(int,int))
      183    ?SetHour@CWeekly@@QAEXHH@Z (public: void __thiscall CWeekly::SetHour(int,int))
      184    ?SetInfo@CARSConnection@@QAEXVCString@@00@Z (public: void __thiscall CARSConnection::SetInfo(class CString,class CString,class CString))
      185    ?SetLastRunTime@CBackupJob@@QAEXAAVCTime@@@Z (public: void __thiscall CBackupJob::SetLastRunTime(class CTime &))
      186    ?SetLength@CBlockingSocketFile@@EAEXK@Z (private: virtual void __thiscall CBlockingSocketFile::SetLength(unsigned long))
      187    ?SetNextRunTime@CSchedule@@QAEXAAVCTime@@@Z (public: void __thiscall CSchedule::SetNextRunTime(class CTime &))
      188    ?SetNextRunTime@CWeekly@@QAEXAAVCTime@@@Z (public: void __thiscall CWeekly::SetNextRunTime(class CTime &))
      189    ?SetOnceTime@CSchedule@@QAEXVCTime@@@Z (public: void __thiscall CSchedule::SetOnceTime(class CTime))
      190    ?SetStartTime@CBackupJob@@QAEAAVCTime@@AAV2@@Z (public: class CTime & __thiscall CBackupJob::SetStartTime(class CTime &))
      191    ?SetStartTime@CSchedule@@QAEAAVCTime@@AAV2@@Z (public: class CTime & __thiscall CSchedule::SetStartTime(class CTime &))
      192    ?SetStop@CDumpARX@@QAEX_N@Z (public: void __thiscall CDumpARX::SetStop(bool))
      193    ?SetStop@CRecordList@@QAEX_N@Z (public: void __thiscall CRecordList::SetStop(bool))
      194    ?SetType@CSchedule@@QAEXI@Z (public: void __thiscall CSchedule::SetType(unsigned int))
      195    ?SetWeeklyDays@CSchedule@@QAEXHH@Z (public: void __thiscall CSchedule::SetWeeklyDays(int,int))
      196    ?SetWeeklyHour@CSchedule@@QAEXHH@Z (public: void __thiscall CSchedule::SetWeeklyHour(int,int))
      197    ?StoreAttachment@CFieldValuePair@@QAE?AVCString@@PAUARAttachStruct@@@Z (public: class CString __thiscall CFieldValuePair::StoreAttachment(struct ARAttachStruct *))
      198    ?StoreCurrency@CFieldValuePair@@QAE?AVCString@@IPAUARCurrencyStruct@@@Z (public: class CString __thiscall CFieldValuePair::StoreCurrency(unsigned int,struct ARCurrencyStruct *))
      199    ?UnlockRange@CBlockingSocketFile@@EAEXKK@Z (private: virtual void __thiscall CBlockingSocketFile::UnlockRange(unsigned long,unsigned long))
      200    ?Write@CBlockingSocketFile@@UAEXPBXI@Z (public: virtual void __thiscall CBlockingSocketFile::Write(void const *,unsigned int))
      201    ?_GetBaseClass@CARSConnection@@KGPAUCRuntimeClass@@XZ (protected: static struct CRuntimeClass * __stdcall CARSConnection::_GetBaseClass(void))
      202    ?_GetBaseClass@CARSException@@KGPAUCRuntimeClass@@XZ (protected: static struct CRuntimeClass * __stdcall CARSException::_GetBaseClass(void))
      203    ?_GetBaseClass@CAckMsg@@KGPAUCRuntimeClass@@XZ (protected: static struct CRuntimeClass * __stdcall CAckMsg::_GetBaseClass(void))
      204    ?_GetBaseClass@CBackupJob@@KGPAUCRuntimeClass@@XZ (protected: static struct CRuntimeClass * __stdcall CBackupJob::_GetBaseClass(void))
      205    ?_GetBaseClass@CBlockingSocketFile@@KGPAUCRuntimeClass@@XZ (protected: static struct CRuntimeClass * __stdcall CBlockingSocketFile::_GetBaseClass(void))
      206    ?_GetBaseClass@CDaily@@KGPAUCRuntimeClass@@XZ (protected: static struct CRuntimeClass * __stdcall CDaily::_GetBaseClass(void))
      207    ?_GetBaseClass@CDaysOfWeek@@KGPAUCRuntimeClass@@XZ (protected: static struct CRuntimeClass * __stdcall CDaysOfWeek::_GetBaseClass(void))
      208    ?_GetBaseClass@CFormList@@KGPAUCRuntimeClass@@XZ (protected: static struct CRuntimeClass * __stdcall CFormList::_GetBaseClass(void))
      209    ?_GetBaseClass@CMonthly@@KGPAUCRuntimeClass@@XZ (protected: static struct CRuntimeClass * __stdcall CMonthly::_GetBaseClass(void))
      210    ?_GetBaseClass@CSchedule@@KGPAUCRuntimeClass@@XZ (protected: static struct CRuntimeClass * __stdcall CSchedule::_GetBaseClass(void))
      211    ?_GetBaseClass@CWeekly@@KGPAUCRuntimeClass@@XZ (protected: static struct CRuntimeClass * __stdcall CWeekly::_GetBaseClass(void))
      212    ?classCARSConnection@CARSConnection@@2UCRuntimeClass@@A (public: static struct CRuntimeClass CARSConnection::classCARSConnection)
      213    ?classCARSException@CARSException@@2UCRuntimeClass@@B (public: static struct CRuntimeClass const CARSException::classCARSException)
      214    ?classCAckMsg@CAckMsg@@2UCRuntimeClass@@A (public: static struct CRuntimeClass CAckMsg::classCAckMsg)
      215    ?classCBackupJob@CBackupJob@@2UCRuntimeClass@@A (public: static struct CRuntimeClass CBackupJob::classCBackupJob)
      216    ?classCBlockingSocketFile@CBlockingSocketFile@@2UCRuntimeClass@@B (public: static struct CRuntimeClass const CBlockingSocketFile::classCBlockingSocketFile)
      217    ?classCDaily@CDaily@@2UCRuntimeClass@@A (public: static struct CRuntimeClass CDaily::classCDaily)
      218    ?classCDaysOfWeek@CDaysOfWeek@@2UCRuntimeClass@@A (public: static struct CRuntimeClass CDaysOfWeek::classCDaysOfWeek)
      219    ?classCFormList@CFormList@@2UCRuntimeClass@@A (public: static struct CRuntimeClass CFormList::classCFormList)
      220    ?classCMonthly@CMonthly@@2UCRuntimeClass@@A (public: static struct CRuntimeClass CMonthly::classCMonthly)
      221    ?classCSchedule@CSchedule@@2UCRuntimeClass@@A (public: static struct CRuntimeClass CSchedule::classCSchedule)
      222    ?classCWeekly@CWeekly@@2UCRuntimeClass@@A (public: static struct CRuntimeClass CWeekly::classCWeekly)
